[0.016s] Invoking command in '/home/qiyue/ros2_learn/test/build/stm32_serial_comm': CMAKE_PREFIX_PATH=${CMAKE_PREFIX_PATH}:/opt/ros/jazzy DEBUGINFOD_URLS=https://debuginfod.ubuntu.com /usr/bin/cmake --build /home/qiyue/ros2_learn/test/build/stm32_serial_comm -- -j32 -l32
[0.104s] [ 50%] Built target serial_lib
[0.149s] [100%] Built target serial_node
[0.165s] Invoked command in '/home/qiyue/ros2_learn/test/build/stm32_serial_comm' returned '0': CMAKE_PREFIX_PATH=${CMAKE_PREFIX_PATH}:/opt/ros/jazzy DEBUGINFOD_URLS=https://debuginfod.ubuntu.com /usr/bin/cmake --build /home/qiyue/ros2_learn/test/build/stm32_serial_comm -- -j32 -l32
[0.179s] Invoking command in '/home/qiyue/ros2_learn/test/build/stm32_serial_comm': CMAKE_PREFIX_PATH=${CMAKE_PREFIX_PATH}:/opt/ros/jazzy DEBUGINFOD_URLS=https://debuginfod.ubuntu.com /usr/bin/cmake --install /home/qiyue/ros2_learn/test/build/stm32_serial_comm
[0.190s] -- Install configuration: ""
[0.190s] -- Up-to-date: /home/qiyue/ros2_learn/test/install/stm32_serial_comm/lib/stm32_serial_comm/serial_node
[0.190s] -- Up-to-date: /home/qiyue/ros2_learn/test/install/stm32_serial_comm/lib/stm32_serial_comm/libserial_lib.a
[0.190s] -- Up-to-date: /home/qiyue/ros2_learn/test/install/stm32_serial_comm/include/stm32_serial_comm
[0.190s] -- Up-to-date: /home/qiyue/ros2_learn/test/install/stm32_serial_comm/include/stm32_serial_comm/stm32_serial_comm
[0.190s] -- Up-to-date: /home/qiyue/ros2_learn/test/install/stm32_serial_comm/include/stm32_serial_comm/stm32_serial_comm/serial.hpp
[0.191s] -- Up-to-date: /home/qiyue/ros2_learn/test/install/stm32_serial_comm/share/ament_index/resource_index/package_run_dependencies/stm32_serial_comm
[0.191s] -- Up-to-date: /home/qiyue/ros2_learn/test/install/stm32_serial_comm/share/ament_index/resource_index/parent_prefix_path/stm32_serial_comm
[0.191s] -- Up-to-date: /home/qiyue/ros2_learn/test/install/stm32_serial_comm/share/stm32_serial_comm/environment/ament_prefix_path.sh
[0.191s] -- Up-to-date: /home/qiyue/ros2_learn/test/install/stm32_serial_comm/share/stm32_serial_comm/environment/ament_prefix_path.dsv
[0.191s] -- Up-to-date: /home/qiyue/ros2_learn/test/install/stm32_serial_comm/share/stm32_serial_comm/environment/path.sh
[0.191s] -- Up-to-date: /home/qiyue/ros2_learn/test/install/stm32_serial_comm/share/stm32_serial_comm/environment/path.dsv
[0.191s] -- Up-to-date: /home/qiyue/ros2_learn/test/install/stm32_serial_comm/share/stm32_serial_comm/local_setup.bash
[0.191s] -- Up-to-date: /home/qiyue/ros2_learn/test/install/stm32_serial_comm/share/stm32_serial_comm/local_setup.sh
[0.191s] -- Up-to-date: /home/qiyue/ros2_learn/test/install/stm32_serial_comm/share/stm32_serial_comm/local_setup.zsh
[0.191s] -- Up-to-date: /home/qiyue/ros2_learn/test/install/stm32_serial_comm/share/stm32_serial_comm/local_setup.dsv
[0.191s] -- Installing: /home/qiyue/ros2_learn/test/install/stm32_serial_comm/share/stm32_serial_comm/package.dsv
[0.192s] -- Up-to-date: /home/qiyue/ros2_learn/test/install/stm32_serial_comm/share/ament_index/resource_index/packages/stm32_serial_comm
[0.192s] -- Up-to-date: /home/qiyue/ros2_learn/test/install/stm32_serial_comm/share/stm32_serial_comm/cmake/stm32_serial_commConfig.cmake
[0.192s] -- Up-to-date: /home/qiyue/ros2_learn/test/install/stm32_serial_comm/share/stm32_serial_comm/cmake/stm32_serial_commConfig-version.cmake
[0.192s] -- Up-to-date: /home/qiyue/ros2_learn/test/install/stm32_serial_comm/share/stm32_serial_comm/package.xml
[0.193s] Invoked command in '/home/qiyue/ros2_learn/test/build/stm32_serial_comm' returned '0': CMAKE_PREFIX_PATH=${CMAKE_PREFIX_PATH}:/opt/ros/jazzy DEBUGINFOD_URLS=https://debuginfod.ubuntu.com /usr/bin/cmake --install /home/qiyue/ros2_learn/test/build/stm32_serial_comm
