[0.113s] DEBUG:colcon:Command line arguments: ['/usr/bin/colcon', 'build']
[0.113s] DEBUG:colcon:Parsed command line arguments: Namespace(log_base=None, log_level=None, verb_name='build', build_base='build', install_base='install', merge_install=False, symlink_install=False, test_result_base=None, continue_on_error=False, executor='parallel', parallel_workers=32, event_handlers=None, ignore_user_meta=False, metas=['./colcon.meta'], base_paths=['.'], packages_ignore=None, packages_ignore_regex=None, paths=None, packages_up_to=None, packages_up_to_regex=None, packages_above=None, packages_above_and_dependencies=None, packages_above_depth=None, packages_select_by_dep=None, packages_skip_by_dep=None, packages_skip_up_to=None, packages_select_build_failed=False, packages_skip_build_finished=False, packages_select_test_failures=False, packages_skip_test_passed=False, packages_select=None, packages_skip=None, packages_select_regex=None, packages_skip_regex=None, packages_start=None, packages_end=None, allow_overriding=[], cmake_args=None, cmake_target=None, cmake_target_skip_unavailable=False, cmake_clean_cache=False, cmake_clean_first=False, cmake_force_configure=False, ament_cmake_args=None, catkin_cmake_args=None, catkin_skip_building_tests=False, mixin_files=None, mixin=None, verb_parser=<colcon_mixin.mixin.mixin_argument.MixinArgumentDecorator object at 0x7890da89b620>, verb_extension=<colcon_core.verb.build.BuildVerb object at 0x7890da89b500>, main=<bound method BuildVerb.main of <colcon_core.verb.build.BuildVerb object at 0x7890da89b500>>, mixin_verb=('build',))
[0.156s] Level 1:colcon.colcon_core.package_discovery:discover_packages(colcon_meta) check parameters
[0.156s] Level 1:colcon.colcon_core.package_discovery:discover_packages(recursive) check parameters
[0.156s] Level 1:colcon.colcon_core.package_discovery:discover_packages(ignore) check parameters
[0.156s] Level 1:colcon.colcon_core.package_discovery:discover_packages(path) check parameters
[0.156s] Level 1:colcon.colcon_core.package_discovery:discover_packages(colcon_meta) discover
[0.156s] Level 1:colcon.colcon_core.package_discovery:discover_packages(recursive) discover
[0.156s] INFO:colcon.colcon_core.package_discovery:Crawling recursively for packages in '/home/qiyue/ros2_learn/test'
[0.156s] Level 1:colcon.colcon_core.package_identification:_identify(.) by extensions ['ignore', 'ignore_ament_install']
[0.156s] Level 1:colcon.colcon_core.package_identification:_identify(.) by extension 'ignore'
[0.156s] Level 1:colcon.colcon_core.package_identification:_identify(.) by extension 'ignore_ament_install'
[0.156s] Level 1:colcon.colcon_core.package_identification:_identify(.) by extensions ['colcon_pkg']
[0.156s] Level 1:colcon.colcon_core.package_identification:_identify(.) by extension 'colcon_pkg'
[0.156s] Level 1:colcon.colcon_core.package_identification:_identify(.) by extensions ['colcon_meta']
[0.156s] Level 1:colcon.colcon_core.package_identification:_identify(.) by extension 'colcon_meta'
[0.156s] Level 1:colcon.colcon_core.package_identification:_identify(.) by extensions ['ros']
[0.157s] Level 1:colcon.colcon_core.package_identification:_identify(.) by extension 'ros'
[0.182s] Level 1:colcon.colcon_core.package_identification:_identify(.) by extensions ['cmake', 'python']
[0.182s] Level 1:colcon.colcon_core.package_identification:_identify(.) by extension 'cmake'
[0.182s] Level 1:colcon.colcon_core.package_identification:_identify(.) by extension 'python'
[0.182s] Level 1:colcon.colcon_core.package_identification:_identify(.) by extensions ['python_setup_py']
[0.182s] Level 1:colcon.colcon_core.package_identification:_identify(.) by extension 'python_setup_py'
[0.182s] Level 1:colcon.colcon_core.package_identification:_identify(build) by extensions ['ignore', 'ignore_ament_install']
[0.182s] Level 1:colcon.colcon_core.package_identification:_identify(build) by extension 'ignore'
[0.182s] Level 1:colcon.colcon_core.package_identification:_identify(build) ignored
[0.182s] Level 1:colcon.colcon_core.package_identification:_identify(install) by extensions ['ignore', 'ignore_ament_install']
[0.183s] Level 1:colcon.colcon_core.package_identification:_identify(install) by extension 'ignore'
[0.183s] Level 1:colcon.colcon_core.package_identification:_identify(install) ignored
[0.183s] Level 1:colcon.colcon_core.package_identification:_identify(log) by extensions ['ignore', 'ignore_ament_install']
[0.183s] Level 1:colcon.colcon_core.package_identification:_identify(log) by extension 'ignore'
[0.183s] Level 1:colcon.colcon_core.package_identification:_identify(log) ignored
[0.183s] Level 1:colcon.colcon_core.package_identification:_identify(src) by extensions ['ignore', 'ignore_ament_install']
[0.183s] Level 1:colcon.colcon_core.package_identification:_identify(src) by extension 'ignore'
[0.183s] Level 1:colcon.colcon_core.package_identification:_identify(src) by extension 'ignore_ament_install'
[0.183s] Level 1:colcon.colcon_core.package_identification:_identify(src) by extensions ['colcon_pkg']
[0.183s] Level 1:colcon.colcon_core.package_identification:_identify(src) by extension 'colcon_pkg'
[0.183s] Level 1:colcon.colcon_core.package_identification:_identify(src) by extensions ['colcon_meta']
[0.183s] Level 1:colcon.colcon_core.package_identification:_identify(src) by extension 'colcon_meta'
[0.183s] Level 1:colcon.colcon_core.package_identification:_identify(src) by extensions ['ros']
[0.183s] Level 1:colcon.colcon_core.package_identification:_identify(src) by extension 'ros'
[0.183s] Level 1:colcon.colcon_core.package_identification:_identify(src) by extensions ['cmake', 'python']
[0.183s] Level 1:colcon.colcon_core.package_identification:_identify(src) by extension 'cmake'
[0.183s] Level 1:colcon.colcon_core.package_identification:_identify(src) by extension 'python'
[0.183s] Level 1:colcon.colcon_core.package_identification:_identify(src) by extensions ['python_setup_py']
[0.183s] Level 1:colcon.colcon_core.package_identification:_identify(src) by extension 'python_setup_py'
[0.184s] Level 1:colcon.colcon_core.package_identification:_identify(src/test) by extensions ['ignore', 'ignore_ament_install']
[0.184s] Level 1:colcon.colcon_core.package_identification:_identify(src/test) by extension 'ignore'
[0.184s] Level 1:colcon.colcon_core.package_identification:_identify(src/test) by extension 'ignore_ament_install'
[0.184s] Level 1:colcon.colcon_core.package_identification:_identify(src/test) by extensions ['colcon_pkg']
[0.184s] Level 1:colcon.colcon_core.package_identification:_identify(src/test) by extension 'colcon_pkg'
[0.184s] Level 1:colcon.colcon_core.package_identification:_identify(src/test) by extensions ['colcon_meta']
[0.184s] Level 1:colcon.colcon_core.package_identification:_identify(src/test) by extension 'colcon_meta'
[0.184s] Level 1:colcon.colcon_core.package_identification:_identify(src/test) by extensions ['ros']
[0.184s] Level 1:colcon.colcon_core.package_identification:_identify(src/test) by extension 'ros'
[0.186s] DEBUG:colcon.colcon_core.package_identification:Package 'src/test' with type 'ros.ament_cmake' and name 'test_project'
[0.186s] Level 1:colcon.colcon_core.package_discovery:discover_packages(recursive) using defaults
[0.186s] Level 1:colcon.colcon_core.package_discovery:discover_packages(ignore) discover
[0.186s] Level 1:colcon.colcon_core.package_discovery:discover_packages(ignore) using defaults
[0.186s] Level 1:colcon.colcon_core.package_discovery:discover_packages(path) discover
[0.187s] Level 1:colcon.colcon_core.package_discovery:discover_packages(path) using defaults
[0.205s] Level 1:colcon.colcon_core.package_discovery:discover_packages(prefix_path) check parameters
[0.205s] Level 1:colcon.colcon_core.package_discovery:discover_packages(prefix_path) discover
[0.206s] WARNING:colcon.colcon_ros.prefix_path.ament:The path '/home/qiyue/ros2_learn/test/install/test' in the environment variable AMENT_PREFIX_PATH doesn't exist
[0.206s] WARNING:colcon.colcon_ros.prefix_path.catkin:The path '/home/qiyue/ros2_learn/test/install/test' in the environment variable CMAKE_PREFIX_PATH doesn't exist
[0.207s] DEBUG:colcon.colcon_installed_package_information.package_discovery:Found 1 installed packages in /home/qiyue/ros2_learn/test/install
[0.207s] DEBUG:colcon.colcon_installed_package_information.package_discovery:Found 1 installed packages in /home/qiyue/ros2_learn/subcribleandtransmit/install
[0.208s] DEBUG:colcon.colcon_installed_package_information.package_discovery:Found 1 installed packages in /home/qiyue/ros2_learn/L0zhelloworld/install
[0.210s] DEBUG:colcon.colcon_installed_package_information.package_discovery:Found 326 installed packages in /opt/ros/jazzy
[0.211s] Level 1:colcon.colcon_core.package_discovery:discover_packages(prefix_path) using defaults
[0.257s] Level 5:colcon.colcon_core.verb:set package 'test_project' build argument 'cmake_args' from command line to 'None'
[0.257s] Level 5:colcon.colcon_core.verb:set package 'test_project' build argument 'cmake_target' from command line to 'None'
[0.257s] Level 5:colcon.colcon_core.verb:set package 'test_project' build argument 'cmake_target_skip_unavailable' from command line to 'False'
[0.257s] Level 5:colcon.colcon_core.verb:set package 'test_project' build argument 'cmake_clean_cache' from command line to 'False'
[0.258s] Level 5:colcon.colcon_core.verb:set package 'test_project' build argument 'cmake_clean_first' from command line to 'False'
[0.258s] Level 5:colcon.colcon_core.verb:set package 'test_project' build argument 'cmake_force_configure' from command line to 'False'
[0.258s] Level 5:colcon.colcon_core.verb:set package 'test_project' build argument 'ament_cmake_args' from command line to 'None'
[0.258s] Level 5:colcon.colcon_core.verb:set package 'test_project' build argument 'catkin_cmake_args' from command line to 'None'
[0.258s] Level 5:colcon.colcon_core.verb:set package 'test_project' build argument 'catkin_skip_building_tests' from command line to 'False'
[0.258s] DEBUG:colcon.colcon_core.verb:Building package 'test_project' with the following arguments: {'ament_cmake_args': None, 'build_base': '/home/qiyue/ros2_learn/test/build/test_project', 'catkin_cmake_args': None, 'catkin_skip_building_tests': False, 'cmake_args': None, 'cmake_clean_cache': False, 'cmake_clean_first': False, 'cmake_force_configure': False, 'cmake_target': None, 'cmake_target_skip_unavailable': False, 'install_base': '/home/qiyue/ros2_learn/test/install/test_project', 'merge_install': False, 'path': '/home/qiyue/ros2_learn/test/src/test', 'symlink_install': False, 'test_result_base': None}
[0.258s] INFO:colcon.colcon_core.executor:Executing jobs using 'parallel' executor
[0.259s] DEBUG:colcon.colcon_parallel_executor.executor.parallel:run_until_complete
[0.259s] INFO:colcon.colcon_ros.task.ament_cmake.build:Building ROS package in '/home/qiyue/ros2_learn/test/src/test' with build type 'ament_cmake'
[0.259s] INFO:colcon.colcon_cmake.task.cmake.build:Building CMake package in '/home/qiyue/ros2_learn/test/src/test'
[0.261s] INFO:colcon.colcon_core.plugin_system:Skipping extension 'colcon_core.shell.bat': Not used on non-Windows systems
[0.261s] INFO:colcon.colcon_core.shell:Skip shell extension 'powershell' for command environment: Not usable outside of PowerShell
[0.261s] DEBUG:colcon.colcon_core.shell:Skip shell extension 'dsv' for command environment
[0.273s] DEBUG:colcon.colcon_core.event_handler.log_command:Invoking command in '/home/qiyue/ros2_learn/test/build/test_project': CMAKE_PREFIX_PATH=${CMAKE_PREFIX_PATH}:/opt/ros/jazzy DEBUGINFOD_URLS=https://debuginfod.ubuntu.com /usr/bin/cmake --build /home/qiyue/ros2_learn/test/build/test_project -- -j32 -l32
[2.012s] DEBUG:colcon.colcon_core.event_handler.log_command:Invoked command in '/home/qiyue/ros2_learn/test/build/test_project' returned '0': CMAKE_PREFIX_PATH=${CMAKE_PREFIX_PATH}:/opt/ros/jazzy DEBUGINFOD_URLS=https://debuginfod.ubuntu.com /usr/bin/cmake --build /home/qiyue/ros2_learn/test/build/test_project -- -j32 -l32
[2.025s] DEBUG:colcon.colcon_core.event_handler.log_command:Invoking command in '/home/qiyue/ros2_learn/test/build/test_project': CMAKE_PREFIX_PATH=${CMAKE_PREFIX_PATH}:/opt/ros/jazzy DEBUGINFOD_URLS=https://debuginfod.ubuntu.com /usr/bin/cmake --install /home/qiyue/ros2_learn/test/build/test_project
[2.050s] Level 1:colcon.colcon_core.environment:create_environment_scripts_only(test_project)
[2.050s] DEBUG:colcon.colcon_core.event_handler.log_command:Invoked command in '/home/qiyue/ros2_learn/test/build/test_project' returned '0': CMAKE_PREFIX_PATH=${CMAKE_PREFIX_PATH}:/opt/ros/jazzy DEBUGINFOD_URLS=https://debuginfod.ubuntu.com /usr/bin/cmake --install /home/qiyue/ros2_learn/test/build/test_project
[2.052s] Level 1:colcon.colcon_core.environment:checking '/home/qiyue/ros2_learn/test/install/test_project' for CMake module files
[2.053s] Level 1:colcon.colcon_core.environment:checking '/home/qiyue/ros2_learn/test/install/test_project' for CMake config files
[2.053s] Level 1:colcon.colcon_core.shell:create_environment_hook('test_project', 'cmake_prefix_path')
[2.053s] INFO:colcon.colcon_core.shell:Creating environment hook '/home/qiyue/ros2_learn/test/install/test_project/share/test_project/hook/cmake_prefix_path.ps1'
[2.054s] INFO:colcon.colcon_core.shell:Creating environment descriptor '/home/qiyue/ros2_learn/test/install/test_project/share/test_project/hook/cmake_prefix_path.dsv'
[2.054s] INFO:colcon.colcon_core.shell:Creating environment hook '/home/qiyue/ros2_learn/test/install/test_project/share/test_project/hook/cmake_prefix_path.sh'
[2.055s] Level 1:colcon.colcon_core.environment:checking '/home/qiyue/ros2_learn/test/install/test_project/lib'
[2.055s] Level 1:colcon.colcon_core.environment:checking '/home/qiyue/ros2_learn/test/install/test_project/bin'
[2.055s] Level 1:colcon.colcon_core.environment:checking '/home/qiyue/ros2_learn/test/install/test_project/lib/pkgconfig/test_project.pc'
[2.056s] Level 1:colcon.colcon_core.environment:checking '/home/qiyue/ros2_learn/test/install/test_project/lib/python3.12/site-packages'
[2.056s] Level 1:colcon.colcon_core.environment:checking '/home/qiyue/ros2_learn/test/install/test_project/bin'
[2.056s] INFO:colcon.colcon_core.shell:Creating package script '/home/qiyue/ros2_learn/test/install/test_project/share/test_project/package.ps1'
[2.057s] INFO:colcon.colcon_core.shell:Creating package descriptor '/home/qiyue/ros2_learn/test/install/test_project/share/test_project/package.dsv'
[2.057s] INFO:colcon.colcon_core.shell:Creating package script '/home/qiyue/ros2_learn/test/install/test_project/share/test_project/package.sh'
[2.058s] INFO:colcon.colcon_core.shell:Creating package script '/home/qiyue/ros2_learn/test/install/test_project/share/test_project/package.bash'
[2.058s] INFO:colcon.colcon_core.shell:Creating package script '/home/qiyue/ros2_learn/test/install/test_project/share/test_project/package.zsh'
[2.059s] Level 1:colcon.colcon_core.environment:create_file_with_runtime_dependencies(/home/qiyue/ros2_learn/test/install/test_project/share/colcon-core/packages/test_project)
[2.060s] Level 1:colcon.colcon_core.environment:create_environment_scripts_only(test_project)
[2.060s] Level 1:colcon.colcon_core.environment:checking '/home/qiyue/ros2_learn/test/install/test_project' for CMake module files
[2.060s] Level 1:colcon.colcon_core.environment:checking '/home/qiyue/ros2_learn/test/install/test_project' for CMake config files
[2.060s] Level 1:colcon.colcon_core.shell:create_environment_hook('test_project', 'cmake_prefix_path')
[2.061s] INFO:colcon.colcon_core.shell:Creating environment hook '/home/qiyue/ros2_learn/test/install/test_project/share/test_project/hook/cmake_prefix_path.ps1'
[2.061s] INFO:colcon.colcon_core.shell:Creating environment descriptor '/home/qiyue/ros2_learn/test/install/test_project/share/test_project/hook/cmake_prefix_path.dsv'
[2.061s] INFO:colcon.colcon_core.shell:Creating environment hook '/home/qiyue/ros2_learn/test/install/test_project/share/test_project/hook/cmake_prefix_path.sh'
[2.062s] Level 1:colcon.colcon_core.environment:checking '/home/qiyue/ros2_learn/test/install/test_project/lib'
[2.062s] Level 1:colcon.colcon_core.environment:checking '/home/qiyue/ros2_learn/test/install/test_project/bin'
[2.062s] Level 1:colcon.colcon_core.environment:checking '/home/qiyue/ros2_learn/test/install/test_project/lib/pkgconfig/test_project.pc'
[2.063s] Level 1:colcon.colcon_core.environment:checking '/home/qiyue/ros2_learn/test/install/test_project/lib/python3.12/site-packages'
[2.063s] Level 1:colcon.colcon_core.environment:checking '/home/qiyue/ros2_learn/test/install/test_project/bin'
[2.064s] INFO:colcon.colcon_core.shell:Creating package script '/home/qiyue/ros2_learn/test/install/test_project/share/test_project/package.ps1'
[2.064s] INFO:colcon.colcon_core.shell:Creating package descriptor '/home/qiyue/ros2_learn/test/install/test_project/share/test_project/package.dsv'
[2.065s] INFO:colcon.colcon_core.shell:Creating package script '/home/qiyue/ros2_learn/test/install/test_project/share/test_project/package.sh'
[2.065s] INFO:colcon.colcon_core.shell:Creating package script '/home/qiyue/ros2_learn/test/install/test_project/share/test_project/package.bash'
[2.066s] INFO:colcon.colcon_core.shell:Creating package script '/home/qiyue/ros2_learn/test/install/test_project/share/test_project/package.zsh'
[2.066s] Level 1:colcon.colcon_core.environment:create_file_with_runtime_dependencies(/home/qiyue/ros2_learn/test/install/test_project/share/colcon-core/packages/test_project)
[2.067s] DEBUG:colcon.colcon_parallel_executor.executor.parallel:closing loop
[2.067s] DEBUG:colcon.colcon_parallel_executor.executor.parallel:loop closed
[2.068s] DEBUG:colcon.colcon_parallel_executor.executor.parallel:run_until_complete finished with '0'
[2.068s] DEBUG:colcon.colcon_core.event_reactor:joining thread
[2.073s] INFO:colcon.colcon_core.plugin_system:Skipping extension 'colcon_notification.desktop_notification.terminal_notifier': Not used on non-Darwin systems
[2.073s] INFO:colcon.colcon_core.plugin_system:Skipping extension 'colcon_notification.desktop_notification.win32': Not used on non-Windows systems
[2.073s] INFO:colcon.colcon_notification.desktop_notification:Sending desktop notification using 'notify2'
[2.097s] DEBUG:colcon.colcon_core.event_reactor:joined thread
[2.097s] INFO:colcon.colcon_core.shell:Creating prefix script '/home/qiyue/ros2_learn/test/install/local_setup.ps1'
[2.098s] INFO:colcon.colcon_core.shell:Creating prefix util module '/home/qiyue/ros2_learn/test/install/_local_setup_util_ps1.py'
[2.099s] INFO:colcon.colcon_core.shell:Creating prefix chain script '/home/qiyue/ros2_learn/test/install/setup.ps1'
[2.100s] INFO:colcon.colcon_core.shell:Creating prefix script '/home/qiyue/ros2_learn/test/install/local_setup.sh'
[2.101s] INFO:colcon.colcon_core.shell:Creating prefix util module '/home/qiyue/ros2_learn/test/install/_local_setup_util_sh.py'
[2.101s] INFO:colcon.colcon_core.shell:Creating prefix chain script '/home/qiyue/ros2_learn/test/install/setup.sh'
[2.102s] INFO:colcon.colcon_core.shell:Creating prefix script '/home/qiyue/ros2_learn/test/install/local_setup.bash'
[2.103s] INFO:colcon.colcon_core.shell:Creating prefix chain script '/home/qiyue/ros2_learn/test/install/setup.bash'
[2.104s] INFO:colcon.colcon_core.shell:Creating prefix script '/home/qiyue/ros2_learn/test/install/local_setup.zsh'
[2.105s] INFO:colcon.colcon_core.shell:Creating prefix chain script '/home/qiyue/ros2_learn/test/install/setup.zsh'
