[0.147s] DEBUG:colcon:Command line arguments: ['/usr/bin/colcon', 'build']
[0.147s] DEBUG:colcon:Parsed command line arguments: Namespace(log_base=None, log_level=None, verb_name='build', build_base='build', install_base='install', merge_install=False, symlink_install=False, test_result_base=None, continue_on_error=False, executor='parallel', parallel_workers=32, event_handlers=None, ignore_user_meta=False, metas=['./colcon.meta'], base_paths=['.'], packages_ignore=None, packages_ignore_regex=None, paths=None, packages_up_to=None, packages_up_to_regex=None, packages_above=None, packages_above_and_dependencies=None, packages_above_depth=None, packages_select_by_dep=None, packages_skip_by_dep=None, packages_skip_up_to=None, packages_select_build_failed=False, packages_skip_build_finished=False, packages_select_test_failures=False, packages_skip_test_passed=False, packages_select=None, packages_skip=None, packages_select_regex=None, packages_skip_regex=None, packages_start=None, packages_end=None, allow_overriding=[], cmake_args=None, cmake_target=None, cmake_target_skip_unavailable=False, cmake_clean_cache=False, cmake_clean_first=False, cmake_force_configure=False, ament_cmake_args=None, catkin_cmake_args=None, catkin_skip_building_tests=False, mixin_files=None, mixin=None, verb_parser=<colcon_mixin.mixin.mixin_argument.MixinArgumentDecorator object at 0x71c413d8b170>, verb_extension=<colcon_core.verb.build.BuildVerb object at 0x71c413d8b050>, main=<bound method BuildVerb.main of <colcon_core.verb.build.BuildVerb object at 0x71c413d8b050>>, mixin_verb=('build',))
[0.201s] Level 1:colcon.colcon_core.package_discovery:discover_packages(colcon_meta) check parameters
[0.202s] Level 1:colcon.colcon_core.package_discovery:discover_packages(recursive) check parameters
[0.202s] Level 1:colcon.colcon_core.package_discovery:discover_packages(ignore) check parameters
[0.202s] Level 1:colcon.colcon_core.package_discovery:discover_packages(path) check parameters
[0.202s] Level 1:colcon.colcon_core.package_discovery:discover_packages(colcon_meta) discover
[0.202s] Level 1:colcon.colcon_core.package_discovery:discover_packages(recursive) discover
[0.202s] INFO:colcon.colcon_core.package_discovery:Crawling recursively for packages in '/home/qiyue/ros2_learn/test'
[0.202s] Level 1:colcon.colcon_core.package_identification:_identify(.) by extensions ['ignore', 'ignore_ament_install']
[0.202s] Level 1:colcon.colcon_core.package_identification:_identify(.) by extension 'ignore'
[0.202s] Level 1:colcon.colcon_core.package_identification:_identify(.) by extension 'ignore_ament_install'
[0.203s] Level 1:colcon.colcon_core.package_identification:_identify(.) by extensions ['colcon_pkg']
[0.203s] Level 1:colcon.colcon_core.package_identification:_identify(.) by extension 'colcon_pkg'
[0.203s] Level 1:colcon.colcon_core.package_identification:_identify(.) by extensions ['colcon_meta']
[0.203s] Level 1:colcon.colcon_core.package_identification:_identify(.) by extension 'colcon_meta'
[0.203s] Level 1:colcon.colcon_core.package_identification:_identify(.) by extensions ['ros']
[0.203s] Level 1:colcon.colcon_core.package_identification:_identify(.) by extension 'ros'
[0.240s] Level 1:colcon.colcon_core.package_identification:_identify(.) by extensions ['cmake', 'python']
[0.240s] Level 1:colcon.colcon_core.package_identification:_identify(.) by extension 'cmake'
[0.241s] Level 1:colcon.colcon_core.package_identification:_identify(.) by extension 'python'
[0.241s] Level 1:colcon.colcon_core.package_identification:_identify(.) by extensions ['python_setup_py']
[0.241s] Level 1:colcon.colcon_core.package_identification:_identify(.) by extension 'python_setup_py'
[0.241s] Level 1:colcon.colcon_core.package_identification:_identify(build) by extensions ['ignore', 'ignore_ament_install']
[0.241s] Level 1:colcon.colcon_core.package_identification:_identify(build) by extension 'ignore'
[0.241s] Level 1:colcon.colcon_core.package_identification:_identify(build) ignored
[0.241s] Level 1:colcon.colcon_core.package_identification:_identify(install) by extensions ['ignore', 'ignore_ament_install']
[0.241s] Level 1:colcon.colcon_core.package_identification:_identify(install) by extension 'ignore'
[0.241s] Level 1:colcon.colcon_core.package_identification:_identify(install) ignored
[0.241s] Level 1:colcon.colcon_core.package_identification:_identify(log) by extensions ['ignore', 'ignore_ament_install']
[0.242s] Level 1:colcon.colcon_core.package_identification:_identify(log) by extension 'ignore'
[0.242s] Level 1:colcon.colcon_core.package_identification:_identify(log) ignored
[0.242s] Level 1:colcon.colcon_core.package_identification:_identify(src) by extensions ['ignore', 'ignore_ament_install']
[0.242s] Level 1:colcon.colcon_core.package_identification:_identify(src) by extension 'ignore'
[0.242s] Level 1:colcon.colcon_core.package_identification:_identify(src) by extension 'ignore_ament_install'
[0.242s] Level 1:colcon.colcon_core.package_identification:_identify(src) by extensions ['colcon_pkg']
[0.242s] Level 1:colcon.colcon_core.package_identification:_identify(src) by extension 'colcon_pkg'
[0.242s] Level 1:colcon.colcon_core.package_identification:_identify(src) by extensions ['colcon_meta']
[0.242s] Level 1:colcon.colcon_core.package_identification:_identify(src) by extension 'colcon_meta'
[0.242s] Level 1:colcon.colcon_core.package_identification:_identify(src) by extensions ['ros']
[0.242s] Level 1:colcon.colcon_core.package_identification:_identify(src) by extension 'ros'
[0.242s] Level 1:colcon.colcon_core.package_identification:_identify(src) by extensions ['cmake', 'python']
[0.242s] Level 1:colcon.colcon_core.package_identification:_identify(src) by extension 'cmake'
[0.242s] Level 1:colcon.colcon_core.package_identification:_identify(src) by extension 'python'
[0.242s] Level 1:colcon.colcon_core.package_identification:_identify(src) by extensions ['python_setup_py']
[0.243s] Level 1:colcon.colcon_core.package_identification:_identify(src) by extension 'python_setup_py'
[0.243s] Level 1:colcon.colcon_core.package_identification:_identify(src/stm32_serial_comm) by extensions ['ignore', 'ignore_ament_install']
[0.243s] Level 1:colcon.colcon_core.package_identification:_identify(src/stm32_serial_comm) by extension 'ignore'
[0.243s] Level 1:colcon.colcon_core.package_identification:_identify(src/stm32_serial_comm) by extension 'ignore_ament_install'
[0.243s] Level 1:colcon.colcon_core.package_identification:_identify(src/stm32_serial_comm) by extensions ['colcon_pkg']
[0.243s] Level 1:colcon.colcon_core.package_identification:_identify(src/stm32_serial_comm) by extension 'colcon_pkg'
[0.243s] Level 1:colcon.colcon_core.package_identification:_identify(src/stm32_serial_comm) by extensions ['colcon_meta']
[0.243s] Level 1:colcon.colcon_core.package_identification:_identify(src/stm32_serial_comm) by extension 'colcon_meta'
[0.243s] Level 1:colcon.colcon_core.package_identification:_identify(src/stm32_serial_comm) by extensions ['ros']
[0.243s] Level 1:colcon.colcon_core.package_identification:_identify(src/stm32_serial_comm) by extension 'ros'
[0.246s] DEBUG:colcon.colcon_core.package_identification:Package 'src/stm32_serial_comm' with type 'ros.ament_cmake' and name 'stm32_serial_comm'
[0.246s] Level 1:colcon.colcon_core.package_identification:_identify(src/test) by extensions ['ignore', 'ignore_ament_install']
[0.246s] Level 1:colcon.colcon_core.package_identification:_identify(src/test) by extension 'ignore'
[0.247s] Level 1:colcon.colcon_core.package_identification:_identify(src/test) by extension 'ignore_ament_install'
[0.247s] Level 1:colcon.colcon_core.package_identification:_identify(src/test) by extensions ['colcon_pkg']
[0.247s] Level 1:colcon.colcon_core.package_identification:_identify(src/test) by extension 'colcon_pkg'
[0.247s] Level 1:colcon.colcon_core.package_identification:_identify(src/test) by extensions ['colcon_meta']
[0.247s] Level 1:colcon.colcon_core.package_identification:_identify(src/test) by extension 'colcon_meta'
[0.247s] Level 1:colcon.colcon_core.package_identification:_identify(src/test) by extensions ['ros']
[0.247s] Level 1:colcon.colcon_core.package_identification:_identify(src/test) by extension 'ros'
[0.248s] DEBUG:colcon.colcon_core.package_identification:Package 'src/test' with type 'ros.ament_cmake' and name 'test_project'
[0.248s] Level 1:colcon.colcon_core.package_discovery:discover_packages(recursive) using defaults
[0.248s] Level 1:colcon.colcon_core.package_discovery:discover_packages(ignore) discover
[0.248s] Level 1:colcon.colcon_core.package_discovery:discover_packages(ignore) using defaults
[0.248s] Level 1:colcon.colcon_core.package_discovery:discover_packages(path) discover
[0.248s] Level 1:colcon.colcon_core.package_discovery:discover_packages(path) using defaults
[0.272s] Level 1:colcon.colcon_core.package_discovery:discover_packages(prefix_path) check parameters
[0.272s] Level 1:colcon.colcon_core.package_discovery:discover_packages(prefix_path) discover
[0.275s] DEBUG:colcon.colcon_installed_package_information.package_discovery:Found 2 installed packages in /home/qiyue/ros2_learn/test/install
[0.275s] DEBUG:colcon.colcon_installed_package_information.package_discovery:Found 1 installed packages in /home/qiyue/ros2_learn/subcribleandtransmit/install
[0.276s] DEBUG:colcon.colcon_installed_package_information.package_discovery:Found 1 installed packages in /home/qiyue/ros2_learn/L0zhelloworld/install
[0.276s] DEBUG:colcon.colcon_installed_package_information.package_discovery:Found 1 installed packages in /home/qiyue/stm32_serial_ws/install
[0.279s] DEBUG:colcon.colcon_installed_package_information.package_discovery:Found 326 installed packages in /opt/ros/jazzy
[0.281s] Level 1:colcon.colcon_core.package_discovery:discover_packages(prefix_path) using defaults
[0.338s] Level 5:colcon.colcon_core.verb:set package 'stm32_serial_comm' build argument 'cmake_args' from command line to 'None'
[0.338s] Level 5:colcon.colcon_core.verb:set package 'stm32_serial_comm' build argument 'cmake_target' from command line to 'None'
[0.338s] Level 5:colcon.colcon_core.verb:set package 'stm32_serial_comm' build argument 'cmake_target_skip_unavailable' from command line to 'False'
[0.338s] Level 5:colcon.colcon_core.verb:set package 'stm32_serial_comm' build argument 'cmake_clean_cache' from command line to 'False'
[0.338s] Level 5:colcon.colcon_core.verb:set package 'stm32_serial_comm' build argument 'cmake_clean_first' from command line to 'False'
[0.338s] Level 5:colcon.colcon_core.verb:set package 'stm32_serial_comm' build argument 'cmake_force_configure' from command line to 'False'
[0.338s] Level 5:colcon.colcon_core.verb:set package 'stm32_serial_comm' build argument 'ament_cmake_args' from command line to 'None'
[0.338s] Level 5:colcon.colcon_core.verb:set package 'stm32_serial_comm' build argument 'catkin_cmake_args' from command line to 'None'
[0.338s] Level 5:colcon.colcon_core.verb:set package 'stm32_serial_comm' build argument 'catkin_skip_building_tests' from command line to 'False'
[0.338s] DEBUG:colcon.colcon_core.verb:Building package 'stm32_serial_comm' with the following arguments: {'ament_cmake_args': None, 'build_base': '/home/qiyue/ros2_learn/test/build/stm32_serial_comm', 'catkin_cmake_args': None, 'catkin_skip_building_tests': False, 'cmake_args': None, 'cmake_clean_cache': False, 'cmake_clean_first': False, 'cmake_force_configure': False, 'cmake_target': None, 'cmake_target_skip_unavailable': False, 'install_base': '/home/qiyue/ros2_learn/test/install/stm32_serial_comm', 'merge_install': False, 'path': '/home/qiyue/ros2_learn/test/src/stm32_serial_comm', 'symlink_install': False, 'test_result_base': None}
[0.338s] Level 5:colcon.colcon_core.verb:set package 'test_project' build argument 'cmake_args' from command line to 'None'
[0.338s] Level 5:colcon.colcon_core.verb:set package 'test_project' build argument 'cmake_target' from command line to 'None'
[0.338s] Level 5:colcon.colcon_core.verb:set package 'test_project' build argument 'cmake_target_skip_unavailable' from command line to 'False'
[0.338s] Level 5:colcon.colcon_core.verb:set package 'test_project' build argument 'cmake_clean_cache' from command line to 'False'
[0.339s] Level 5:colcon.colcon_core.verb:set package 'test_project' build argument 'cmake_clean_first' from command line to 'False'
[0.339s] Level 5:colcon.colcon_core.verb:set package 'test_project' build argument 'cmake_force_configure' from command line to 'False'
[0.339s] Level 5:colcon.colcon_core.verb:set package 'test_project' build argument 'ament_cmake_args' from command line to 'None'
[0.339s] Level 5:colcon.colcon_core.verb:set package 'test_project' build argument 'catkin_cmake_args' from command line to 'None'
[0.339s] Level 5:colcon.colcon_core.verb:set package 'test_project' build argument 'catkin_skip_building_tests' from command line to 'False'
[0.339s] DEBUG:colcon.colcon_core.verb:Building package 'test_project' with the following arguments: {'ament_cmake_args': None, 'build_base': '/home/qiyue/ros2_learn/test/build/test_project', 'catkin_cmake_args': None, 'catkin_skip_building_tests': False, 'cmake_args': None, 'cmake_clean_cache': False, 'cmake_clean_first': False, 'cmake_force_configure': False, 'cmake_target': None, 'cmake_target_skip_unavailable': False, 'install_base': '/home/qiyue/ros2_learn/test/install/test_project', 'merge_install': False, 'path': '/home/qiyue/ros2_learn/test/src/test', 'symlink_install': False, 'test_result_base': None}
[0.339s] INFO:colcon.colcon_core.executor:Executing jobs using 'parallel' executor
[0.340s] DEBUG:colcon.colcon_parallel_executor.executor.parallel:run_until_complete
[0.340s] INFO:colcon.colcon_ros.task.ament_cmake.build:Building ROS package in '/home/qiyue/ros2_learn/test/src/stm32_serial_comm' with build type 'ament_cmake'
[0.341s] INFO:colcon.colcon_cmake.task.cmake.build:Building CMake package in '/home/qiyue/ros2_learn/test/src/stm32_serial_comm'
[0.343s] INFO:colcon.colcon_core.plugin_system:Skipping extension 'colcon_core.shell.bat': Not used on non-Windows systems
[0.344s] INFO:colcon.colcon_core.shell:Skip shell extension 'powershell' for command environment: Not usable outside of PowerShell
[0.344s] DEBUG:colcon.colcon_core.shell:Skip shell extension 'dsv' for command environment
[0.358s] DEBUG:colcon.colcon_core.event_handler.log_command:Invoking command in '/home/qiyue/ros2_learn/test/build/stm32_serial_comm': CMAKE_PREFIX_PATH=${CMAKE_PREFIX_PATH}:/opt/ros/jazzy DEBUGINFOD_URLS=https://debuginfod.ubuntu.com /usr/bin/cmake --build /home/qiyue/ros2_learn/test/build/stm32_serial_comm -- -j32 -l32
[0.507s] DEBUG:colcon.colcon_core.event_handler.log_command:Invoked command in '/home/qiyue/ros2_learn/test/build/stm32_serial_comm' returned '0': CMAKE_PREFIX_PATH=${CMAKE_PREFIX_PATH}:/opt/ros/jazzy DEBUGINFOD_URLS=https://debuginfod.ubuntu.com /usr/bin/cmake --build /home/qiyue/ros2_learn/test/build/stm32_serial_comm -- -j32 -l32
[0.521s] DEBUG:colcon.colcon_core.event_handler.log_command:Invoking command in '/home/qiyue/ros2_learn/test/build/stm32_serial_comm': CMAKE_PREFIX_PATH=${CMAKE_PREFIX_PATH}:/opt/ros/jazzy DEBUGINFOD_URLS=https://debuginfod.ubuntu.com /usr/bin/cmake --install /home/qiyue/ros2_learn/test/build/stm32_serial_comm
[0.534s] Level 1:colcon.colcon_core.environment:create_environment_scripts_only(stm32_serial_comm)
[0.535s] DEBUG:colcon.colcon_core.event_handler.log_command:Invoked command in '/home/qiyue/ros2_learn/test/build/stm32_serial_comm' returned '0': CMAKE_PREFIX_PATH=${CMAKE_PREFIX_PATH}:/opt/ros/jazzy DEBUGINFOD_URLS=https://debuginfod.ubuntu.com /usr/bin/cmake --install /home/qiyue/ros2_learn/test/build/stm32_serial_comm
[0.537s] Level 1:colcon.colcon_core.environment:checking '/home/qiyue/ros2_learn/test/install/stm32_serial_comm' for CMake module files
[0.538s] Level 1:colcon.colcon_core.environment:checking '/home/qiyue/ros2_learn/test/install/stm32_serial_comm' for CMake config files
[0.538s] Level 1:colcon.colcon_core.shell:create_environment_hook('stm32_serial_comm', 'cmake_prefix_path')
[0.538s] INFO:colcon.colcon_core.shell:Creating environment hook '/home/qiyue/ros2_learn/test/install/stm32_serial_comm/share/stm32_serial_comm/hook/cmake_prefix_path.ps1'
[0.539s] INFO:colcon.colcon_core.shell:Creating environment descriptor '/home/qiyue/ros2_learn/test/install/stm32_serial_comm/share/stm32_serial_comm/hook/cmake_prefix_path.dsv'
[0.539s] INFO:colcon.colcon_core.shell:Creating environment hook '/home/qiyue/ros2_learn/test/install/stm32_serial_comm/share/stm32_serial_comm/hook/cmake_prefix_path.sh'
[0.540s] Level 1:colcon.colcon_core.environment:checking '/home/qiyue/ros2_learn/test/install/stm32_serial_comm/lib'
[0.540s] Level 1:colcon.colcon_core.environment:checking '/home/qiyue/ros2_learn/test/install/stm32_serial_comm/bin'
[0.540s] Level 1:colcon.colcon_core.environment:checking '/home/qiyue/ros2_learn/test/install/stm32_serial_comm/lib/pkgconfig/stm32_serial_comm.pc'
[0.541s] Level 1:colcon.colcon_core.environment:checking '/home/qiyue/ros2_learn/test/install/stm32_serial_comm/lib/python3.12/site-packages'
[0.541s] Level 1:colcon.colcon_core.environment:checking '/home/qiyue/ros2_learn/test/install/stm32_serial_comm/bin'
[0.541s] INFO:colcon.colcon_core.shell:Creating package script '/home/qiyue/ros2_learn/test/install/stm32_serial_comm/share/stm32_serial_comm/package.ps1'
[0.542s] INFO:colcon.colcon_core.shell:Creating package descriptor '/home/qiyue/ros2_learn/test/install/stm32_serial_comm/share/stm32_serial_comm/package.dsv'
[0.542s] INFO:colcon.colcon_core.shell:Creating package script '/home/qiyue/ros2_learn/test/install/stm32_serial_comm/share/stm32_serial_comm/package.sh'
[0.543s] INFO:colcon.colcon_core.shell:Creating package script '/home/qiyue/ros2_learn/test/install/stm32_serial_comm/share/stm32_serial_comm/package.bash'
[0.544s] INFO:colcon.colcon_core.shell:Creating package script '/home/qiyue/ros2_learn/test/install/stm32_serial_comm/share/stm32_serial_comm/package.zsh'
[0.544s] Level 1:colcon.colcon_core.environment:create_file_with_runtime_dependencies(/home/qiyue/ros2_learn/test/install/stm32_serial_comm/share/colcon-core/packages/stm32_serial_comm)
[0.545s] Level 1:colcon.colcon_core.environment:create_environment_scripts_only(stm32_serial_comm)
[0.545s] Level 1:colcon.colcon_core.environment:checking '/home/qiyue/ros2_learn/test/install/stm32_serial_comm' for CMake module files
[0.545s] Level 1:colcon.colcon_core.environment:checking '/home/qiyue/ros2_learn/test/install/stm32_serial_comm' for CMake config files
[0.545s] Level 1:colcon.colcon_core.shell:create_environment_hook('stm32_serial_comm', 'cmake_prefix_path')
[0.546s] INFO:colcon.colcon_core.shell:Creating environment hook '/home/qiyue/ros2_learn/test/install/stm32_serial_comm/share/stm32_serial_comm/hook/cmake_prefix_path.ps1'
[0.546s] INFO:colcon.colcon_core.shell:Creating environment descriptor '/home/qiyue/ros2_learn/test/install/stm32_serial_comm/share/stm32_serial_comm/hook/cmake_prefix_path.dsv'
[0.546s] INFO:colcon.colcon_core.shell:Creating environment hook '/home/qiyue/ros2_learn/test/install/stm32_serial_comm/share/stm32_serial_comm/hook/cmake_prefix_path.sh'
[0.547s] Level 1:colcon.colcon_core.environment:checking '/home/qiyue/ros2_learn/test/install/stm32_serial_comm/lib'
[0.547s] Level 1:colcon.colcon_core.environment:checking '/home/qiyue/ros2_learn/test/install/stm32_serial_comm/bin'
[0.547s] Level 1:colcon.colcon_core.environment:checking '/home/qiyue/ros2_learn/test/install/stm32_serial_comm/lib/pkgconfig/stm32_serial_comm.pc'
[0.547s] Level 1:colcon.colcon_core.environment:checking '/home/qiyue/ros2_learn/test/install/stm32_serial_comm/lib/python3.12/site-packages'
[0.547s] Level 1:colcon.colcon_core.environment:checking '/home/qiyue/ros2_learn/test/install/stm32_serial_comm/bin'
[0.548s] INFO:colcon.colcon_core.shell:Creating package script '/home/qiyue/ros2_learn/test/install/stm32_serial_comm/share/stm32_serial_comm/package.ps1'
[0.548s] INFO:colcon.colcon_core.shell:Creating package descriptor '/home/qiyue/ros2_learn/test/install/stm32_serial_comm/share/stm32_serial_comm/package.dsv'
[0.549s] INFO:colcon.colcon_core.shell:Creating package script '/home/qiyue/ros2_learn/test/install/stm32_serial_comm/share/stm32_serial_comm/package.sh'
[0.549s] INFO:colcon.colcon_core.shell:Creating package script '/home/qiyue/ros2_learn/test/install/stm32_serial_comm/share/stm32_serial_comm/package.bash'
[0.549s] INFO:colcon.colcon_core.shell:Creating package script '/home/qiyue/ros2_learn/test/install/stm32_serial_comm/share/stm32_serial_comm/package.zsh'
[0.550s] Level 1:colcon.colcon_core.environment:create_file_with_runtime_dependencies(/home/qiyue/ros2_learn/test/install/stm32_serial_comm/share/colcon-core/packages/stm32_serial_comm)
[0.550s] INFO:colcon.colcon_ros.task.ament_cmake.build:Building ROS package in '/home/qiyue/ros2_learn/test/src/test' with build type 'ament_cmake'
[0.550s] INFO:colcon.colcon_cmake.task.cmake.build:Building CMake package in '/home/qiyue/ros2_learn/test/src/test'
[0.550s] INFO:colcon.colcon_core.shell:Skip shell extension 'powershell' for command environment: Not usable outside of PowerShell
[0.550s] DEBUG:colcon.colcon_core.shell:Skip shell extension 'dsv' for command environment
[0.560s] DEBUG:colcon.colcon_core.event_handler.log_command:Invoking command in '/home/qiyue/ros2_learn/test/build/test_project': CMAKE_PREFIX_PATH=/home/qiyue/ros2_learn/test/install/stm32_serial_comm:/home/qiyue/ros2_learn/test/install/test_project:/home/qiyue/stm32_serial_ws/install/stm32_serial_comm:/home/qiyue/ros2_learn/subcribleandtransmit/install/subscribe:/home/qiyue/ros2_learn/L0zhelloworld/install/helloworld_cpp:/opt/ros/jazzy/opt/gz_sim_vendor:/opt/ros/jazzy/opt/gz_sensors_vendor:/opt/ros/jazzy/opt/gz_physics_vendor:/opt/ros/jazzy/opt/sdformat_vendor:/opt/ros/jazzy/opt/gz_gui_vendor:/opt/ros/jazzy/opt/gz_transport_vendor:/opt/ros/jazzy/opt/gz_rendering_vendor:/opt/ros/jazzy/opt/gz_plugin_vendor:/opt/ros/jazzy/opt/gz_fuel_tools_vendor:/opt/ros/jazzy/opt/gz_msgs_vendor:/opt/ros/jazzy/opt/gz_common_vendor:/opt/ros/jazzy/opt/gz_math_vendor:/opt/ros/jazzy/opt/gz_utils_vendor:/opt/ros/jazzy/opt/gz_tools_vendor:/opt/ros/jazzy/opt/gz_ogre_next_vendor:/opt/ros/jazzy/opt/gz_dartsim_vendor:/opt/ros/jazzy/opt/gz_cmake_vendor:/opt/ros/jazzy DEBUGINFOD_URLS=https://debuginfod.ubuntu.com /usr/bin/cmake --build /home/qiyue/ros2_learn/test/build/test_project -- -j32 -l32
[0.632s] DEBUG:colcon.colcon_core.event_handler.log_command:Invoked command in '/home/qiyue/ros2_learn/test/build/test_project' returned '0': CMAKE_PREFIX_PATH=/home/qiyue/ros2_learn/test/install/stm32_serial_comm:/home/qiyue/ros2_learn/test/install/test_project:/home/qiyue/stm32_serial_ws/install/stm32_serial_comm:/home/qiyue/ros2_learn/subcribleandtransmit/install/subscribe:/home/qiyue/ros2_learn/L0zhelloworld/install/helloworld_cpp:/opt/ros/jazzy/opt/gz_sim_vendor:/opt/ros/jazzy/opt/gz_sensors_vendor:/opt/ros/jazzy/opt/gz_physics_vendor:/opt/ros/jazzy/opt/sdformat_vendor:/opt/ros/jazzy/opt/gz_gui_vendor:/opt/ros/jazzy/opt/gz_transport_vendor:/opt/ros/jazzy/opt/gz_rendering_vendor:/opt/ros/jazzy/opt/gz_plugin_vendor:/opt/ros/jazzy/opt/gz_fuel_tools_vendor:/opt/ros/jazzy/opt/gz_msgs_vendor:/opt/ros/jazzy/opt/gz_common_vendor:/opt/ros/jazzy/opt/gz_math_vendor:/opt/ros/jazzy/opt/gz_utils_vendor:/opt/ros/jazzy/opt/gz_tools_vendor:/opt/ros/jazzy/opt/gz_ogre_next_vendor:/opt/ros/jazzy/opt/gz_dartsim_vendor:/opt/ros/jazzy/opt/gz_cmake_vendor:/opt/ros/jazzy DEBUGINFOD_URLS=https://debuginfod.ubuntu.com /usr/bin/cmake --build /home/qiyue/ros2_learn/test/build/test_project -- -j32 -l32
[0.632s] DEBUG:colcon.colcon_core.event_handler.log_command:Invoking command in '/home/qiyue/ros2_learn/test/build/test_project': CMAKE_PREFIX_PATH=/home/qiyue/ros2_learn/test/install/stm32_serial_comm:/home/qiyue/ros2_learn/test/install/test_project:/home/qiyue/stm32_serial_ws/install/stm32_serial_comm:/home/qiyue/ros2_learn/subcribleandtransmit/install/subscribe:/home/qiyue/ros2_learn/L0zhelloworld/install/helloworld_cpp:/opt/ros/jazzy/opt/gz_sim_vendor:/opt/ros/jazzy/opt/gz_sensors_vendor:/opt/ros/jazzy/opt/gz_physics_vendor:/opt/ros/jazzy/opt/sdformat_vendor:/opt/ros/jazzy/opt/gz_gui_vendor:/opt/ros/jazzy/opt/gz_transport_vendor:/opt/ros/jazzy/opt/gz_rendering_vendor:/opt/ros/jazzy/opt/gz_plugin_vendor:/opt/ros/jazzy/opt/gz_fuel_tools_vendor:/opt/ros/jazzy/opt/gz_msgs_vendor:/opt/ros/jazzy/opt/gz_common_vendor:/opt/ros/jazzy/opt/gz_math_vendor:/opt/ros/jazzy/opt/gz_utils_vendor:/opt/ros/jazzy/opt/gz_tools_vendor:/opt/ros/jazzy/opt/gz_ogre_next_vendor:/opt/ros/jazzy/opt/gz_dartsim_vendor:/opt/ros/jazzy/opt/gz_cmake_vendor:/opt/ros/jazzy DEBUGINFOD_URLS=https://debuginfod.ubuntu.com /usr/bin/cmake --install /home/qiyue/ros2_learn/test/build/test_project
[0.639s] Level 1:colcon.colcon_core.environment:create_environment_scripts_only(test_project)
[0.639s] Level 1:colcon.colcon_core.environment:checking '/home/qiyue/ros2_learn/test/install/test_project' for CMake module files
[0.640s] DEBUG:colcon.colcon_core.event_handler.log_command:Invoked command in '/home/qiyue/ros2_learn/test/build/test_project' returned '0': CMAKE_PREFIX_PATH=/home/qiyue/ros2_learn/test/install/stm32_serial_comm:/home/qiyue/ros2_learn/test/install/test_project:/home/qiyue/stm32_serial_ws/install/stm32_serial_comm:/home/qiyue/ros2_learn/subcribleandtransmit/install/subscribe:/home/qiyue/ros2_learn/L0zhelloworld/install/helloworld_cpp:/opt/ros/jazzy/opt/gz_sim_vendor:/opt/ros/jazzy/opt/gz_sensors_vendor:/opt/ros/jazzy/opt/gz_physics_vendor:/opt/ros/jazzy/opt/sdformat_vendor:/opt/ros/jazzy/opt/gz_gui_vendor:/opt/ros/jazzy/opt/gz_transport_vendor:/opt/ros/jazzy/opt/gz_rendering_vendor:/opt/ros/jazzy/opt/gz_plugin_vendor:/opt/ros/jazzy/opt/gz_fuel_tools_vendor:/opt/ros/jazzy/opt/gz_msgs_vendor:/opt/ros/jazzy/opt/gz_common_vendor:/opt/ros/jazzy/opt/gz_math_vendor:/opt/ros/jazzy/opt/gz_utils_vendor:/opt/ros/jazzy/opt/gz_tools_vendor:/opt/ros/jazzy/opt/gz_ogre_next_vendor:/opt/ros/jazzy/opt/gz_dartsim_vendor:/opt/ros/jazzy/opt/gz_cmake_vendor:/opt/ros/jazzy DEBUGINFOD_URLS=https://debuginfod.ubuntu.com /usr/bin/cmake --install /home/qiyue/ros2_learn/test/build/test_project
[0.640s] Level 1:colcon.colcon_core.environment:checking '/home/qiyue/ros2_learn/test/install/test_project' for CMake config files
[0.640s] Level 1:colcon.colcon_core.shell:create_environment_hook('test_project', 'cmake_prefix_path')
[0.640s] INFO:colcon.colcon_core.shell:Creating environment hook '/home/qiyue/ros2_learn/test/install/test_project/share/test_project/hook/cmake_prefix_path.ps1'
[0.641s] INFO:colcon.colcon_core.shell:Creating environment descriptor '/home/qiyue/ros2_learn/test/install/test_project/share/test_project/hook/cmake_prefix_path.dsv'
[0.641s] INFO:colcon.colcon_core.shell:Creating environment hook '/home/qiyue/ros2_learn/test/install/test_project/share/test_project/hook/cmake_prefix_path.sh'
[0.641s] Level 1:colcon.colcon_core.environment:checking '/home/qiyue/ros2_learn/test/install/test_project/lib'
[0.641s] Level 1:colcon.colcon_core.environment:checking '/home/qiyue/ros2_learn/test/install/test_project/bin'
[0.641s] Level 1:colcon.colcon_core.environment:checking '/home/qiyue/ros2_learn/test/install/test_project/lib/pkgconfig/test_project.pc'
[0.641s] Level 1:colcon.colcon_core.environment:checking '/home/qiyue/ros2_learn/test/install/test_project/lib/python3.12/site-packages'
[0.642s] Level 1:colcon.colcon_core.environment:checking '/home/qiyue/ros2_learn/test/install/test_project/bin'
[0.642s] INFO:colcon.colcon_core.shell:Creating package script '/home/qiyue/ros2_learn/test/install/test_project/share/test_project/package.ps1'
[0.642s] INFO:colcon.colcon_core.shell:Creating package descriptor '/home/qiyue/ros2_learn/test/install/test_project/share/test_project/package.dsv'
[0.642s] INFO:colcon.colcon_core.shell:Creating package script '/home/qiyue/ros2_learn/test/install/test_project/share/test_project/package.sh'
[0.642s] INFO:colcon.colcon_core.shell:Creating package script '/home/qiyue/ros2_learn/test/install/test_project/share/test_project/package.bash'
[0.643s] INFO:colcon.colcon_core.shell:Creating package script '/home/qiyue/ros2_learn/test/install/test_project/share/test_project/package.zsh'
[0.643s] Level 1:colcon.colcon_core.environment:create_file_with_runtime_dependencies(/home/qiyue/ros2_learn/test/install/test_project/share/colcon-core/packages/test_project)
[0.643s] Level 1:colcon.colcon_core.environment:create_environment_scripts_only(test_project)
[0.643s] Level 1:colcon.colcon_core.environment:checking '/home/qiyue/ros2_learn/test/install/test_project' for CMake module files
[0.643s] Level 1:colcon.colcon_core.environment:checking '/home/qiyue/ros2_learn/test/install/test_project' for CMake config files
[0.644s] Level 1:colcon.colcon_core.shell:create_environment_hook('test_project', 'cmake_prefix_path')
[0.644s] INFO:colcon.colcon_core.shell:Creating environment hook '/home/qiyue/ros2_learn/test/install/test_project/share/test_project/hook/cmake_prefix_path.ps1'
[0.644s] INFO:colcon.colcon_core.shell:Creating environment descriptor '/home/qiyue/ros2_learn/test/install/test_project/share/test_project/hook/cmake_prefix_path.dsv'
[0.644s] INFO:colcon.colcon_core.shell:Creating environment hook '/home/qiyue/ros2_learn/test/install/test_project/share/test_project/hook/cmake_prefix_path.sh'
[0.644s] Level 1:colcon.colcon_core.environment:checking '/home/qiyue/ros2_learn/test/install/test_project/lib'
[0.644s] Level 1:colcon.colcon_core.environment:checking '/home/qiyue/ros2_learn/test/install/test_project/bin'
[0.644s] Level 1:colcon.colcon_core.environment:checking '/home/qiyue/ros2_learn/test/install/test_project/lib/pkgconfig/test_project.pc'
[0.644s] Level 1:colcon.colcon_core.environment:checking '/home/qiyue/ros2_learn/test/install/test_project/lib/python3.12/site-packages'
[0.645s] Level 1:colcon.colcon_core.environment:checking '/home/qiyue/ros2_learn/test/install/test_project/bin'
[0.645s] INFO:colcon.colcon_core.shell:Creating package script '/home/qiyue/ros2_learn/test/install/test_project/share/test_project/package.ps1'
[0.645s] INFO:colcon.colcon_core.shell:Creating package descriptor '/home/qiyue/ros2_learn/test/install/test_project/share/test_project/package.dsv'
[0.645s] INFO:colcon.colcon_core.shell:Creating package script '/home/qiyue/ros2_learn/test/install/test_project/share/test_project/package.sh'
[0.646s] INFO:colcon.colcon_core.shell:Creating package script '/home/qiyue/ros2_learn/test/install/test_project/share/test_project/package.bash'
[0.646s] INFO:colcon.colcon_core.shell:Creating package script '/home/qiyue/ros2_learn/test/install/test_project/share/test_project/package.zsh'
[0.646s] Level 1:colcon.colcon_core.environment:create_file_with_runtime_dependencies(/home/qiyue/ros2_learn/test/install/test_project/share/colcon-core/packages/test_project)
[0.646s] DEBUG:colcon.colcon_parallel_executor.executor.parallel:closing loop
[0.646s] DEBUG:colcon.colcon_parallel_executor.executor.parallel:loop closed
[0.646s] DEBUG:colcon.colcon_parallel_executor.executor.parallel:run_until_complete finished with '0'
[0.646s] DEBUG:colcon.colcon_core.event_reactor:joining thread
[0.650s] INFO:colcon.colcon_core.plugin_system:Skipping extension 'colcon_notification.desktop_notification.terminal_notifier': Not used on non-Darwin systems
[0.650s] INFO:colcon.colcon_core.plugin_system:Skipping extension 'colcon_notification.desktop_notification.win32': Not used on non-Windows systems
[0.650s] INFO:colcon.colcon_notification.desktop_notification:Sending desktop notification using 'notify2'
[0.657s] DEBUG:colcon.colcon_core.event_reactor:joined thread
[0.657s] INFO:colcon.colcon_core.shell:Creating prefix script '/home/qiyue/ros2_learn/test/install/local_setup.ps1'
[0.658s] INFO:colcon.colcon_core.shell:Creating prefix util module '/home/qiyue/ros2_learn/test/install/_local_setup_util_ps1.py'
[0.658s] INFO:colcon.colcon_core.shell:Creating prefix chain script '/home/qiyue/ros2_learn/test/install/setup.ps1'
[0.659s] INFO:colcon.colcon_core.shell:Creating prefix script '/home/qiyue/ros2_learn/test/install/local_setup.sh'
[0.659s] INFO:colcon.colcon_core.shell:Creating prefix util module '/home/qiyue/ros2_learn/test/install/_local_setup_util_sh.py'
[0.660s] INFO:colcon.colcon_core.shell:Creating prefix chain script '/home/qiyue/ros2_learn/test/install/setup.sh'
[0.660s] INFO:colcon.colcon_core.shell:Creating prefix script '/home/qiyue/ros2_learn/test/install/local_setup.bash'
[0.660s] INFO:colcon.colcon_core.shell:Creating prefix chain script '/home/qiyue/ros2_learn/test/install/setup.bash'
[0.661s] INFO:colcon.colcon_core.shell:Creating prefix script '/home/qiyue/ros2_learn/test/install/local_setup.zsh'
[0.661s] INFO:colcon.colcon_core.shell:Creating prefix chain script '/home/qiyue/ros2_learn/test/install/setup.zsh'
