[0.016s] Invoking command in '/home/qiyue/ros2_learn/test/build/stm32_serial_comm': CMAKE_PREFIX_PATH=${CMAKE_PREFIX_PATH}:/opt/ros/jazzy DEBUGINFOD_URLS=https://debuginfod.ubuntu.com /usr/bin/cmake --build /home/qiyue/ros2_learn/test/build/stm32_serial_comm -- -j32 -l32
[0.083s] [ 50%] Built target serial_lib
[0.113s] [ 75%] [32mBuilding CXX object CMakeFiles/serial_node.dir/src/main.cpp.o[0m
[2.636s] [100%] [32m[1mLinking CXX executable serial_node[0m
[2.752s] [100%] Built target serial_node
[2.761s] Invoked command in '/home/qiyue/ros2_learn/test/build/stm32_serial_comm' returned '0': CMAKE_PREFIX_PATH=${CMAKE_PREFIX_PATH}:/opt/ros/jazzy DEBUGINFOD_URLS=https://debuginfod.ubuntu.com /usr/bin/cmake --build /home/qiyue/ros2_learn/test/build/stm32_serial_comm -- -j32 -l32
[2.768s] Invoking command in '/home/qiyue/ros2_learn/test/build/stm32_serial_comm': CMAKE_PREFIX_PATH=${CMAKE_PREFIX_PATH}:/opt/ros/jazzy DEBUGINFOD_URLS=https://debuginfod.ubuntu.com /usr/bin/cmake --install /home/qiyue/ros2_learn/test/build/stm32_serial_comm
[2.774s] -- Install configuration: ""
[2.774s] -- Installing: /home/qiyue/ros2_learn/test/install/stm32_serial_comm/lib/stm32_serial_comm/serial_node
[2.776s] -- Set non-toolchain portion of runtime path of "/home/qiyue/ros2_learn/test/install/stm32_serial_comm/lib/stm32_serial_comm/serial_node" to ""
[2.776s] -- Up-to-date: /home/qiyue/ros2_learn/test/install/stm32_serial_comm/lib/stm32_serial_comm/libserial_lib.a
[2.776s] -- Up-to-date: /home/qiyue/ros2_learn/test/install/stm32_serial_comm/include/stm32_serial_comm
[2.776s] -- Up-to-date: /home/qiyue/ros2_learn/test/install/stm32_serial_comm/include/stm32_serial_comm/stm32_serial_comm
[2.777s] -- Up-to-date: /home/qiyue/ros2_learn/test/install/stm32_serial_comm/include/stm32_serial_comm/stm32_serial_comm/serial.hpp
[2.777s] -- Up-to-date: /home/qiyue/ros2_learn/test/install/stm32_serial_comm/share/ament_index/resource_index/package_run_dependencies/stm32_serial_comm
[2.777s] -- Up-to-date: /home/qiyue/ros2_learn/test/install/stm32_serial_comm/share/ament_index/resource_index/parent_prefix_path/stm32_serial_comm
[2.777s] -- Up-to-date: /home/qiyue/ros2_learn/test/install/stm32_serial_comm/share/stm32_serial_comm/environment/ament_prefix_path.sh
[2.777s] -- Up-to-date: /home/qiyue/ros2_learn/test/install/stm32_serial_comm/share/stm32_serial_comm/environment/ament_prefix_path.dsv
[2.777s] -- Up-to-date: /home/qiyue/ros2_learn/test/install/stm32_serial_comm/share/stm32_serial_comm/environment/path.sh
[2.777s] -- Up-to-date: /home/qiyue/ros2_learn/test/install/stm32_serial_comm/share/stm32_serial_comm/environment/path.dsv
[2.777s] -- Up-to-date: /home/qiyue/ros2_learn/test/install/stm32_serial_comm/share/stm32_serial_comm/local_setup.bash
[2.777s] -- Up-to-date: /home/qiyue/ros2_learn/test/install/stm32_serial_comm/share/stm32_serial_comm/local_setup.sh
[2.777s] -- Up-to-date: /home/qiyue/ros2_learn/test/install/stm32_serial_comm/share/stm32_serial_comm/local_setup.zsh
[2.777s] -- Up-to-date: /home/qiyue/ros2_learn/test/install/stm32_serial_comm/share/stm32_serial_comm/local_setup.dsv
[2.777s] -- Installing: /home/qiyue/ros2_learn/test/install/stm32_serial_comm/share/stm32_serial_comm/package.dsv
[2.777s] -- Up-to-date: /home/qiyue/ros2_learn/test/install/stm32_serial_comm/share/ament_index/resource_index/packages/stm32_serial_comm
[2.777s] -- Up-to-date: /home/qiyue/ros2_learn/test/install/stm32_serial_comm/share/stm32_serial_comm/cmake/stm32_serial_commConfig.cmake
[2.777s] -- Up-to-date: /home/qiyue/ros2_learn/test/install/stm32_serial_comm/share/stm32_serial_comm/cmake/stm32_serial_commConfig-version.cmake
[2.778s] -- Up-to-date: /home/qiyue/ros2_learn/test/install/stm32_serial_comm/share/stm32_serial_comm/package.xml
[2.778s] Invoked command in '/home/qiyue/ros2_learn/test/build/stm32_serial_comm' returned '0': CMAKE_PREFIX_PATH=${CMAKE_PREFIX_PATH}:/opt/ros/jazzy DEBUGINFOD_URLS=https://debuginfod.ubuntu.com /usr/bin/cmake --install /home/qiyue/ros2_learn/test/build/stm32_serial_comm
