[ 50%] Built target serial_lib
[ 75%] [32mBuilding CXX object CMakeFiles/serial_node.dir/src/main.cpp.o[0m
[100%] [32m[1mLinking CXX executable serial_node[0m
[100%] Built target serial_node
-- Install configuration: ""
-- Installing: /home/qiyue/ros2_learn/test/install/stm32_serial_comm/lib/stm32_serial_comm/serial_node
-- Set non-toolchain portion of runtime path of "/home/qiyue/ros2_learn/test/install/stm32_serial_comm/lib/stm32_serial_comm/serial_node" to ""
-- Up-to-date: /home/qiyue/ros2_learn/test/install/stm32_serial_comm/lib/stm32_serial_comm/libserial_lib.a
-- Up-to-date: /home/qiyue/ros2_learn/test/install/stm32_serial_comm/include/stm32_serial_comm
-- Up-to-date: /home/qiyue/ros2_learn/test/install/stm32_serial_comm/include/stm32_serial_comm/stm32_serial_comm
-- Up-to-date: /home/qiyue/ros2_learn/test/install/stm32_serial_comm/include/stm32_serial_comm/stm32_serial_comm/serial.hpp
-- Up-to-date: /home/qiyue/ros2_learn/test/install/stm32_serial_comm/share/ament_index/resource_index/package_run_dependencies/stm32_serial_comm
-- Up-to-date: /home/qiyue/ros2_learn/test/install/stm32_serial_comm/share/ament_index/resource_index/parent_prefix_path/stm32_serial_comm
-- Up-to-date: /home/qiyue/ros2_learn/test/install/stm32_serial_comm/share/stm32_serial_comm/environment/ament_prefix_path.sh
-- Up-to-date: /home/qiyue/ros2_learn/test/install/stm32_serial_comm/share/stm32_serial_comm/environment/ament_prefix_path.dsv
-- Up-to-date: /home/qiyue/ros2_learn/test/install/stm32_serial_comm/share/stm32_serial_comm/environment/path.sh
-- Up-to-date: /home/qiyue/ros2_learn/test/install/stm32_serial_comm/share/stm32_serial_comm/environment/path.dsv
-- Up-to-date: /home/qiyue/ros2_learn/test/install/stm32_serial_comm/share/stm32_serial_comm/local_setup.bash
-- Up-to-date: /home/qiyue/ros2_learn/test/install/stm32_serial_comm/share/stm32_serial_comm/local_setup.sh
-- Up-to-date: /home/qiyue/ros2_learn/test/install/stm32_serial_comm/share/stm32_serial_comm/local_setup.zsh
-- Up-to-date: /home/qiyue/ros2_learn/test/install/stm32_serial_comm/share/stm32_serial_comm/local_setup.dsv
-- Installing: /home/qiyue/ros2_learn/test/install/stm32_serial_comm/share/stm32_serial_comm/package.dsv
-- Up-to-date: /home/qiyue/ros2_learn/test/install/stm32_serial_comm/share/ament_index/resource_index/packages/stm32_serial_comm
-- Up-to-date: /home/qiyue/ros2_learn/test/install/stm32_serial_comm/share/stm32_serial_comm/cmake/stm32_serial_commConfig.cmake
-- Up-to-date: /home/qiyue/ros2_learn/test/install/stm32_serial_comm/share/stm32_serial_comm/cmake/stm32_serial_commConfig-version.cmake
-- Up-to-date: /home/qiyue/ros2_learn/test/install/stm32_serial_comm/share/stm32_serial_comm/package.xml
