[0.150s] DEBUG:colcon:Command line arguments: ['/usr/bin/colcon', 'build']
[0.150s] DEBUG:colcon:Parsed command line arguments: Namespace(log_base=None, log_level=None, verb_name='build', build_base='build', install_base='install', merge_install=False, symlink_install=False, test_result_base=None, continue_on_error=False, executor='parallel', parallel_workers=32, event_handlers=None, ignore_user_meta=False, metas=['./colcon.meta'], base_paths=['.'], packages_ignore=None, packages_ignore_regex=None, paths=None, packages_up_to=None, packages_up_to_regex=None, packages_above=None, packages_above_and_dependencies=None, packages_above_depth=None, packages_select_by_dep=None, packages_skip_by_dep=None, packages_skip_up_to=None, packages_select_build_failed=False, packages_skip_build_finished=False, packages_select_test_failures=False, packages_skip_test_passed=False, packages_select=None, packages_skip=None, packages_select_regex=None, packages_skip_regex=None, packages_start=None, packages_end=None, allow_overriding=[], cmake_args=None, cmake_target=None, cmake_target_skip_unavailable=False, cmake_clean_cache=False, cmake_clean_first=False, cmake_force_configure=False, ament_cmake_args=None, catkin_cmake_args=None, catkin_skip_building_tests=False, mixin_files=None, mixin=None, verb_parser=<colcon_mixin.mixin.mixin_argument.MixinArgumentDecorator object at 0x7d2107987770>, verb_extension=<colcon_core.verb.build.BuildVerb object at 0x7d2107987590>, main=<bound method BuildVerb.main of <colcon_core.verb.build.BuildVerb object at 0x7d2107987590>>, mixin_verb=('build',))
[0.204s] Level 1:colcon.colcon_core.package_discovery:discover_packages(colcon_meta) check parameters
[0.204s] Level 1:colcon.colcon_core.package_discovery:discover_packages(recursive) check parameters
[0.204s] Level 1:colcon.colcon_core.package_discovery:discover_packages(ignore) check parameters
[0.204s] Level 1:colcon.colcon_core.package_discovery:discover_packages(path) check parameters
[0.204s] Level 1:colcon.colcon_core.package_discovery:discover_packages(colcon_meta) discover
[0.204s] Level 1:colcon.colcon_core.package_discovery:discover_packages(recursive) discover
[0.204s] INFO:colcon.colcon_core.package_discovery:Crawling recursively for packages in '/home/qiyue/ros2_learn/test'
[0.204s] Level 1:colcon.colcon_core.package_identification:_identify(.) by extensions ['ignore', 'ignore_ament_install']
[0.205s] Level 1:colcon.colcon_core.package_identification:_identify(.) by extension 'ignore'
[0.205s] Level 1:colcon.colcon_core.package_identification:_identify(.) by extension 'ignore_ament_install'
[0.205s] Level 1:colcon.colcon_core.package_identification:_identify(.) by extensions ['colcon_pkg']
[0.205s] Level 1:colcon.colcon_core.package_identification:_identify(.) by extension 'colcon_pkg'
[0.205s] Level 1:colcon.colcon_core.package_identification:_identify(.) by extensions ['colcon_meta']
[0.205s] Level 1:colcon.colcon_core.package_identification:_identify(.) by extension 'colcon_meta'
[0.205s] Level 1:colcon.colcon_core.package_identification:_identify(.) by extensions ['ros']
[0.205s] Level 1:colcon.colcon_core.package_identification:_identify(.) by extension 'ros'
[0.234s] Level 1:colcon.colcon_core.package_identification:_identify(.) by extensions ['cmake', 'python']
[0.234s] Level 1:colcon.colcon_core.package_identification:_identify(.) by extension 'cmake'
[0.234s] Level 1:colcon.colcon_core.package_identification:_identify(.) by extension 'python'
[0.234s] Level 1:colcon.colcon_core.package_identification:_identify(.) by extensions ['python_setup_py']
[0.234s] Level 1:colcon.colcon_core.package_identification:_identify(.) by extension 'python_setup_py'
[0.234s] Level 1:colcon.colcon_core.package_identification:_identify(build) by extensions ['ignore', 'ignore_ament_install']
[0.234s] Level 1:colcon.colcon_core.package_identification:_identify(build) by extension 'ignore'
[0.234s] Level 1:colcon.colcon_core.package_identification:_identify(build) ignored
[0.234s] Level 1:colcon.colcon_core.package_identification:_identify(install) by extensions ['ignore', 'ignore_ament_install']
[0.234s] Level 1:colcon.colcon_core.package_identification:_identify(install) by extension 'ignore'
[0.235s] Level 1:colcon.colcon_core.package_identification:_identify(install) ignored
[0.235s] Level 1:colcon.colcon_core.package_identification:_identify(log) by extensions ['ignore', 'ignore_ament_install']
[0.235s] Level 1:colcon.colcon_core.package_identification:_identify(log) by extension 'ignore'
[0.235s] Level 1:colcon.colcon_core.package_identification:_identify(log) ignored
[0.235s] Level 1:colcon.colcon_core.package_identification:_identify(src) by extensions ['ignore', 'ignore_ament_install']
[0.235s] Level 1:colcon.colcon_core.package_identification:_identify(src) by extension 'ignore'
[0.235s] Level 1:colcon.colcon_core.package_identification:_identify(src) by extension 'ignore_ament_install'
[0.235s] Level 1:colcon.colcon_core.package_identification:_identify(src) by extensions ['colcon_pkg']
[0.235s] Level 1:colcon.colcon_core.package_identification:_identify(src) by extension 'colcon_pkg'
[0.235s] Level 1:colcon.colcon_core.package_identification:_identify(src) by extensions ['colcon_meta']
[0.235s] Level 1:colcon.colcon_core.package_identification:_identify(src) by extension 'colcon_meta'
[0.235s] Level 1:colcon.colcon_core.package_identification:_identify(src) by extensions ['ros']
[0.235s] Level 1:colcon.colcon_core.package_identification:_identify(src) by extension 'ros'
[0.235s] Level 1:colcon.colcon_core.package_identification:_identify(src) by extensions ['cmake', 'python']
[0.235s] Level 1:colcon.colcon_core.package_identification:_identify(src) by extension 'cmake'
[0.235s] Level 1:colcon.colcon_core.package_identification:_identify(src) by extension 'python'
[0.235s] Level 1:colcon.colcon_core.package_identification:_identify(src) by extensions ['python_setup_py']
[0.235s] Level 1:colcon.colcon_core.package_identification:_identify(src) by extension 'python_setup_py'
[0.236s] Level 1:colcon.colcon_core.package_identification:_identify(src/stm32_serial_comm) by extensions ['ignore', 'ignore_ament_install']
[0.236s] Level 1:colcon.colcon_core.package_identification:_identify(src/stm32_serial_comm) by extension 'ignore'
[0.236s] Level 1:colcon.colcon_core.package_identification:_identify(src/stm32_serial_comm) by extension 'ignore_ament_install'
[0.236s] Level 1:colcon.colcon_core.package_identification:_identify(src/stm32_serial_comm) by extensions ['colcon_pkg']
[0.236s] Level 1:colcon.colcon_core.package_identification:_identify(src/stm32_serial_comm) by extension 'colcon_pkg'
[0.236s] Level 1:colcon.colcon_core.package_identification:_identify(src/stm32_serial_comm) by extensions ['colcon_meta']
[0.236s] Level 1:colcon.colcon_core.package_identification:_identify(src/stm32_serial_comm) by extension 'colcon_meta'
[0.236s] Level 1:colcon.colcon_core.package_identification:_identify(src/stm32_serial_comm) by extensions ['ros']
[0.236s] Level 1:colcon.colcon_core.package_identification:_identify(src/stm32_serial_comm) by extension 'ros'
[0.238s] DEBUG:colcon.colcon_core.package_identification:Package 'src/stm32_serial_comm' with type 'ros.ament_cmake' and name 'stm32_serial_comm'
[0.238s] Level 1:colcon.colcon_core.package_identification:_identify(src/test) by extensions ['ignore', 'ignore_ament_install']
[0.238s] Level 1:colcon.colcon_core.package_identification:_identify(src/test) by extension 'ignore'
[0.238s] Level 1:colcon.colcon_core.package_identification:_identify(src/test) by extension 'ignore_ament_install'
[0.239s] Level 1:colcon.colcon_core.package_identification:_identify(src/test) by extensions ['colcon_pkg']
[0.239s] Level 1:colcon.colcon_core.package_identification:_identify(src/test) by extension 'colcon_pkg'
[0.239s] Level 1:colcon.colcon_core.package_identification:_identify(src/test) by extensions ['colcon_meta']
[0.239s] Level 1:colcon.colcon_core.package_identification:_identify(src/test) by extension 'colcon_meta'
[0.239s] Level 1:colcon.colcon_core.package_identification:_identify(src/test) by extensions ['ros']
[0.239s] Level 1:colcon.colcon_core.package_identification:_identify(src/test) by extension 'ros'
[0.239s] DEBUG:colcon.colcon_core.package_identification:Package 'src/test' with type 'ros.ament_cmake' and name 'test_project'
[0.239s] Level 1:colcon.colcon_core.package_discovery:discover_packages(recursive) using defaults
[0.240s] Level 1:colcon.colcon_core.package_discovery:discover_packages(ignore) discover
[0.240s] Level 1:colcon.colcon_core.package_discovery:discover_packages(ignore) using defaults
[0.240s] Level 1:colcon.colcon_core.package_discovery:discover_packages(path) discover
[0.240s] Level 1:colcon.colcon_core.package_discovery:discover_packages(path) using defaults
[0.256s] Level 1:colcon.colcon_core.package_discovery:discover_packages(prefix_path) check parameters
[0.256s] Level 1:colcon.colcon_core.package_discovery:discover_packages(prefix_path) discover
[0.257s] DEBUG:colcon.colcon_installed_package_information.package_discovery:Found 1 installed packages in /home/qiyue/ros2_learn/subcribleandtransmit/install
[0.258s] DEBUG:colcon.colcon_installed_package_information.package_discovery:Found 1 installed packages in /home/qiyue/ros2_learn/L0zhelloworld/install
[0.259s] DEBUG:colcon.colcon_installed_package_information.package_discovery:Found 326 installed packages in /opt/ros/jazzy
[0.261s] Level 1:colcon.colcon_core.package_discovery:discover_packages(prefix_path) using defaults
[0.291s] Level 5:colcon.colcon_core.verb:set package 'stm32_serial_comm' build argument 'cmake_args' from command line to 'None'
[0.291s] Level 5:colcon.colcon_core.verb:set package 'stm32_serial_comm' build argument 'cmake_target' from command line to 'None'
[0.291s] Level 5:colcon.colcon_core.verb:set package 'stm32_serial_comm' build argument 'cmake_target_skip_unavailable' from command line to 'False'
[0.291s] Level 5:colcon.colcon_core.verb:set package 'stm32_serial_comm' build argument 'cmake_clean_cache' from command line to 'False'
[0.291s] Level 5:colcon.colcon_core.verb:set package 'stm32_serial_comm' build argument 'cmake_clean_first' from command line to 'False'
[0.291s] Level 5:colcon.colcon_core.verb:set package 'stm32_serial_comm' build argument 'cmake_force_configure' from command line to 'False'
[0.291s] Level 5:colcon.colcon_core.verb:set package 'stm32_serial_comm' build argument 'ament_cmake_args' from command line to 'None'
[0.291s] Level 5:colcon.colcon_core.verb:set package 'stm32_serial_comm' build argument 'catkin_cmake_args' from command line to 'None'
[0.291s] Level 5:colcon.colcon_core.verb:set package 'stm32_serial_comm' build argument 'catkin_skip_building_tests' from command line to 'False'
[0.291s] DEBUG:colcon.colcon_core.verb:Building package 'stm32_serial_comm' with the following arguments: {'ament_cmake_args': None, 'build_base': '/home/qiyue/ros2_learn/test/build/stm32_serial_comm', 'catkin_cmake_args': None, 'catkin_skip_building_tests': False, 'cmake_args': None, 'cmake_clean_cache': False, 'cmake_clean_first': False, 'cmake_force_configure': False, 'cmake_target': None, 'cmake_target_skip_unavailable': False, 'install_base': '/home/qiyue/ros2_learn/test/install/stm32_serial_comm', 'merge_install': False, 'path': '/home/qiyue/ros2_learn/test/src/stm32_serial_comm', 'symlink_install': False, 'test_result_base': None}
[0.292s] Level 5:colcon.colcon_core.verb:set package 'test_project' build argument 'cmake_args' from command line to 'None'
[0.292s] Level 5:colcon.colcon_core.verb:set package 'test_project' build argument 'cmake_target' from command line to 'None'
[0.292s] Level 5:colcon.colcon_core.verb:set package 'test_project' build argument 'cmake_target_skip_unavailable' from command line to 'False'
[0.292s] Level 5:colcon.colcon_core.verb:set package 'test_project' build argument 'cmake_clean_cache' from command line to 'False'
[0.292s] Level 5:colcon.colcon_core.verb:set package 'test_project' build argument 'cmake_clean_first' from command line to 'False'
[0.292s] Level 5:colcon.colcon_core.verb:set package 'test_project' build argument 'cmake_force_configure' from command line to 'False'
[0.292s] Level 5:colcon.colcon_core.verb:set package 'test_project' build argument 'ament_cmake_args' from command line to 'None'
[0.292s] Level 5:colcon.colcon_core.verb:set package 'test_project' build argument 'catkin_cmake_args' from command line to 'None'
[0.292s] Level 5:colcon.colcon_core.verb:set package 'test_project' build argument 'catkin_skip_building_tests' from command line to 'False'
[0.292s] DEBUG:colcon.colcon_core.verb:Building package 'test_project' with the following arguments: {'ament_cmake_args': None, 'build_base': '/home/qiyue/ros2_learn/test/build/test_project', 'catkin_cmake_args': None, 'catkin_skip_building_tests': False, 'cmake_args': None, 'cmake_clean_cache': False, 'cmake_clean_first': False, 'cmake_force_configure': False, 'cmake_target': None, 'cmake_target_skip_unavailable': False, 'install_base': '/home/qiyue/ros2_learn/test/install/test_project', 'merge_install': False, 'path': '/home/qiyue/ros2_learn/test/src/test', 'symlink_install': False, 'test_result_base': None}
[0.292s] INFO:colcon.colcon_core.executor:Executing jobs using 'parallel' executor
[0.293s] DEBUG:colcon.colcon_parallel_executor.executor.parallel:run_until_complete
[0.293s] INFO:colcon.colcon_ros.task.ament_cmake.build:Building ROS package in '/home/qiyue/ros2_learn/test/src/stm32_serial_comm' with build type 'ament_cmake'
[0.293s] INFO:colcon.colcon_cmake.task.cmake.build:Building CMake package in '/home/qiyue/ros2_learn/test/src/stm32_serial_comm'
[0.294s] INFO:colcon.colcon_core.plugin_system:Skipping extension 'colcon_core.shell.bat': Not used on non-Windows systems
[0.294s] INFO:colcon.colcon_core.shell:Skip shell extension 'powershell' for command environment: Not usable outside of PowerShell
[0.294s] DEBUG:colcon.colcon_core.shell:Skip shell extension 'dsv' for command environment
[0.300s] DEBUG:colcon.colcon_core.event_handler.log_command:Invoking command in '/home/qiyue/ros2_learn/test/build/stm32_serial_comm': CMAKE_PREFIX_PATH=${CMAKE_PREFIX_PATH}:/opt/ros/jazzy DEBUGINFOD_URLS=https://debuginfod.ubuntu.com /usr/bin/cmake --build /home/qiyue/ros2_learn/test/build/stm32_serial_comm -- -j32 -l32
[2.838s] DEBUG:colcon.colcon_core.event_handler.log_command:Invoked command in '/home/qiyue/ros2_learn/test/build/stm32_serial_comm' returned '0': CMAKE_PREFIX_PATH=${CMAKE_PREFIX_PATH}:/opt/ros/jazzy DEBUGINFOD_URLS=https://debuginfod.ubuntu.com /usr/bin/cmake --build /home/qiyue/ros2_learn/test/build/stm32_serial_comm -- -j32 -l32
[2.845s] DEBUG:colcon.colcon_core.event_handler.log_command:Invoking command in '/home/qiyue/ros2_learn/test/build/stm32_serial_comm': CMAKE_PREFIX_PATH=${CMAKE_PREFIX_PATH}:/opt/ros/jazzy DEBUGINFOD_URLS=https://debuginfod.ubuntu.com /usr/bin/cmake --install /home/qiyue/ros2_learn/test/build/stm32_serial_comm
[2.854s] Level 1:colcon.colcon_core.environment:create_environment_scripts_only(stm32_serial_comm)
[2.855s] Level 1:colcon.colcon_core.environment:checking '/home/qiyue/ros2_learn/test/install/stm32_serial_comm' for CMake module files
[2.856s] DEBUG:colcon.colcon_core.event_handler.log_command:Invoked command in '/home/qiyue/ros2_learn/test/build/stm32_serial_comm' returned '0': CMAKE_PREFIX_PATH=${CMAKE_PREFIX_PATH}:/opt/ros/jazzy DEBUGINFOD_URLS=https://debuginfod.ubuntu.com /usr/bin/cmake --install /home/qiyue/ros2_learn/test/build/stm32_serial_comm
[2.857s] Level 1:colcon.colcon_core.environment:checking '/home/qiyue/ros2_learn/test/install/stm32_serial_comm' for CMake config files
[2.857s] Level 1:colcon.colcon_core.shell:create_environment_hook('stm32_serial_comm', 'cmake_prefix_path')
[2.857s] INFO:colcon.colcon_core.shell:Creating environment hook '/home/qiyue/ros2_learn/test/install/stm32_serial_comm/share/stm32_serial_comm/hook/cmake_prefix_path.ps1'
[2.857s] INFO:colcon.colcon_core.shell:Creating environment descriptor '/home/qiyue/ros2_learn/test/install/stm32_serial_comm/share/stm32_serial_comm/hook/cmake_prefix_path.dsv'
[2.857s] INFO:colcon.colcon_core.shell:Creating environment hook '/home/qiyue/ros2_learn/test/install/stm32_serial_comm/share/stm32_serial_comm/hook/cmake_prefix_path.sh'
[2.858s] Level 1:colcon.colcon_core.environment:checking '/home/qiyue/ros2_learn/test/install/stm32_serial_comm/lib'
[2.858s] Level 1:colcon.colcon_core.environment:checking '/home/qiyue/ros2_learn/test/install/stm32_serial_comm/bin'
[2.858s] Level 1:colcon.colcon_core.environment:checking '/home/qiyue/ros2_learn/test/install/stm32_serial_comm/lib/pkgconfig/stm32_serial_comm.pc'
[2.858s] Level 1:colcon.colcon_core.environment:checking '/home/qiyue/ros2_learn/test/install/stm32_serial_comm/lib/python3.12/site-packages'
[2.858s] Level 1:colcon.colcon_core.environment:checking '/home/qiyue/ros2_learn/test/install/stm32_serial_comm/bin'
[2.858s] INFO:colcon.colcon_core.shell:Creating package script '/home/qiyue/ros2_learn/test/install/stm32_serial_comm/share/stm32_serial_comm/package.ps1'
[2.859s] INFO:colcon.colcon_core.shell:Creating package descriptor '/home/qiyue/ros2_learn/test/install/stm32_serial_comm/share/stm32_serial_comm/package.dsv'
[2.859s] INFO:colcon.colcon_core.shell:Creating package script '/home/qiyue/ros2_learn/test/install/stm32_serial_comm/share/stm32_serial_comm/package.sh'
[2.860s] INFO:colcon.colcon_core.shell:Creating package script '/home/qiyue/ros2_learn/test/install/stm32_serial_comm/share/stm32_serial_comm/package.bash'
[2.860s] INFO:colcon.colcon_core.shell:Creating package script '/home/qiyue/ros2_learn/test/install/stm32_serial_comm/share/stm32_serial_comm/package.zsh'
[2.860s] Level 1:colcon.colcon_core.environment:create_file_with_runtime_dependencies(/home/qiyue/ros2_learn/test/install/stm32_serial_comm/share/colcon-core/packages/stm32_serial_comm)
[2.861s] Level 1:colcon.colcon_core.environment:create_environment_scripts_only(stm32_serial_comm)
[2.861s] Level 1:colcon.colcon_core.environment:checking '/home/qiyue/ros2_learn/test/install/stm32_serial_comm' for CMake module files
[2.861s] Level 1:colcon.colcon_core.environment:checking '/home/qiyue/ros2_learn/test/install/stm32_serial_comm' for CMake config files
[2.861s] Level 1:colcon.colcon_core.shell:create_environment_hook('stm32_serial_comm', 'cmake_prefix_path')
[2.861s] INFO:colcon.colcon_core.shell:Creating environment hook '/home/qiyue/ros2_learn/test/install/stm32_serial_comm/share/stm32_serial_comm/hook/cmake_prefix_path.ps1'
[2.861s] INFO:colcon.colcon_core.shell:Creating environment descriptor '/home/qiyue/ros2_learn/test/install/stm32_serial_comm/share/stm32_serial_comm/hook/cmake_prefix_path.dsv'
[2.862s] INFO:colcon.colcon_core.shell:Creating environment hook '/home/qiyue/ros2_learn/test/install/stm32_serial_comm/share/stm32_serial_comm/hook/cmake_prefix_path.sh'
[2.862s] Level 1:colcon.colcon_core.environment:checking '/home/qiyue/ros2_learn/test/install/stm32_serial_comm/lib'
[2.862s] Level 1:colcon.colcon_core.environment:checking '/home/qiyue/ros2_learn/test/install/stm32_serial_comm/bin'
[2.862s] Level 1:colcon.colcon_core.environment:checking '/home/qiyue/ros2_learn/test/install/stm32_serial_comm/lib/pkgconfig/stm32_serial_comm.pc'
[2.862s] Level 1:colcon.colcon_core.environment:checking '/home/qiyue/ros2_learn/test/install/stm32_serial_comm/lib/python3.12/site-packages'
[2.862s] Level 1:colcon.colcon_core.environment:checking '/home/qiyue/ros2_learn/test/install/stm32_serial_comm/bin'
[2.862s] INFO:colcon.colcon_core.shell:Creating package script '/home/qiyue/ros2_learn/test/install/stm32_serial_comm/share/stm32_serial_comm/package.ps1'
[2.863s] INFO:colcon.colcon_core.shell:Creating package descriptor '/home/qiyue/ros2_learn/test/install/stm32_serial_comm/share/stm32_serial_comm/package.dsv'
[2.863s] INFO:colcon.colcon_core.shell:Creating package script '/home/qiyue/ros2_learn/test/install/stm32_serial_comm/share/stm32_serial_comm/package.sh'
[2.863s] INFO:colcon.colcon_core.shell:Creating package script '/home/qiyue/ros2_learn/test/install/stm32_serial_comm/share/stm32_serial_comm/package.bash'
[2.863s] INFO:colcon.colcon_core.shell:Creating package script '/home/qiyue/ros2_learn/test/install/stm32_serial_comm/share/stm32_serial_comm/package.zsh'
[2.864s] Level 1:colcon.colcon_core.environment:create_file_with_runtime_dependencies(/home/qiyue/ros2_learn/test/install/stm32_serial_comm/share/colcon-core/packages/stm32_serial_comm)
[2.864s] INFO:colcon.colcon_ros.task.ament_cmake.build:Building ROS package in '/home/qiyue/ros2_learn/test/src/test' with build type 'ament_cmake'
[2.864s] INFO:colcon.colcon_cmake.task.cmake.build:Building CMake package in '/home/qiyue/ros2_learn/test/src/test'
[2.864s] INFO:colcon.colcon_core.shell:Skip shell extension 'powershell' for command environment: Not usable outside of PowerShell
[2.864s] DEBUG:colcon.colcon_core.shell:Skip shell extension 'dsv' for command environment
[2.870s] DEBUG:colcon.colcon_core.event_handler.log_command:Invoking command in '/home/qiyue/ros2_learn/test/build/test_project': AMENT_PREFIX_PATH=/home/qiyue/ros2_learn/test/install/stm32_serial_comm:${AMENT_PREFIX_PATH} CMAKE_PREFIX_PATH=/home/qiyue/ros2_learn/test/install/stm32_serial_comm:/home/qiyue/ros2_learn/subcribleandtransmit/install/subscribe:/home/qiyue/ros2_learn/L0zhelloworld/install/helloworld_cpp:/opt/ros/jazzy/opt/gz_sim_vendor:/opt/ros/jazzy/opt/gz_sensors_vendor:/opt/ros/jazzy/opt/gz_physics_vendor:/opt/ros/jazzy/opt/sdformat_vendor:/opt/ros/jazzy/opt/gz_gui_vendor:/opt/ros/jazzy/opt/gz_transport_vendor:/opt/ros/jazzy/opt/gz_rendering_vendor:/opt/ros/jazzy/opt/gz_plugin_vendor:/opt/ros/jazzy/opt/gz_fuel_tools_vendor:/opt/ros/jazzy/opt/gz_msgs_vendor:/opt/ros/jazzy/opt/gz_common_vendor:/opt/ros/jazzy/opt/gz_math_vendor:/opt/ros/jazzy/opt/gz_utils_vendor:/opt/ros/jazzy/opt/gz_tools_vendor:/opt/ros/jazzy/opt/gz_ogre_next_vendor:/opt/ros/jazzy/opt/gz_dartsim_vendor:/opt/ros/jazzy/opt/gz_cmake_vendor:/opt/ros/jazzy DEBUGINFOD_URLS=https://debuginfod.ubuntu.com /usr/bin/cmake --build /home/qiyue/ros2_learn/test/build/test_project -- -j32 -l32
[2.922s] DEBUG:colcon.colcon_core.event_handler.log_command:Invoked command in '/home/qiyue/ros2_learn/test/build/test_project' returned '0': AMENT_PREFIX_PATH=/home/qiyue/ros2_learn/test/install/stm32_serial_comm:${AMENT_PREFIX_PATH} CMAKE_PREFIX_PATH=/home/qiyue/ros2_learn/test/install/stm32_serial_comm:/home/qiyue/ros2_learn/subcribleandtransmit/install/subscribe:/home/qiyue/ros2_learn/L0zhelloworld/install/helloworld_cpp:/opt/ros/jazzy/opt/gz_sim_vendor:/opt/ros/jazzy/opt/gz_sensors_vendor:/opt/ros/jazzy/opt/gz_physics_vendor:/opt/ros/jazzy/opt/sdformat_vendor:/opt/ros/jazzy/opt/gz_gui_vendor:/opt/ros/jazzy/opt/gz_transport_vendor:/opt/ros/jazzy/opt/gz_rendering_vendor:/opt/ros/jazzy/opt/gz_plugin_vendor:/opt/ros/jazzy/opt/gz_fuel_tools_vendor:/opt/ros/jazzy/opt/gz_msgs_vendor:/opt/ros/jazzy/opt/gz_common_vendor:/opt/ros/jazzy/opt/gz_math_vendor:/opt/ros/jazzy/opt/gz_utils_vendor:/opt/ros/jazzy/opt/gz_tools_vendor:/opt/ros/jazzy/opt/gz_ogre_next_vendor:/opt/ros/jazzy/opt/gz_dartsim_vendor:/opt/ros/jazzy/opt/gz_cmake_vendor:/opt/ros/jazzy DEBUGINFOD_URLS=https://debuginfod.ubuntu.com /usr/bin/cmake --build /home/qiyue/ros2_learn/test/build/test_project -- -j32 -l32
[2.923s] DEBUG:colcon.colcon_core.event_handler.log_command:Invoking command in '/home/qiyue/ros2_learn/test/build/test_project': AMENT_PREFIX_PATH=/home/qiyue/ros2_learn/test/install/stm32_serial_comm:${AMENT_PREFIX_PATH} CMAKE_PREFIX_PATH=/home/qiyue/ros2_learn/test/install/stm32_serial_comm:/home/qiyue/ros2_learn/subcribleandtransmit/install/subscribe:/home/qiyue/ros2_learn/L0zhelloworld/install/helloworld_cpp:/opt/ros/jazzy/opt/gz_sim_vendor:/opt/ros/jazzy/opt/gz_sensors_vendor:/opt/ros/jazzy/opt/gz_physics_vendor:/opt/ros/jazzy/opt/sdformat_vendor:/opt/ros/jazzy/opt/gz_gui_vendor:/opt/ros/jazzy/opt/gz_transport_vendor:/opt/ros/jazzy/opt/gz_rendering_vendor:/opt/ros/jazzy/opt/gz_plugin_vendor:/opt/ros/jazzy/opt/gz_fuel_tools_vendor:/opt/ros/jazzy/opt/gz_msgs_vendor:/opt/ros/jazzy/opt/gz_common_vendor:/opt/ros/jazzy/opt/gz_math_vendor:/opt/ros/jazzy/opt/gz_utils_vendor:/opt/ros/jazzy/opt/gz_tools_vendor:/opt/ros/jazzy/opt/gz_ogre_next_vendor:/opt/ros/jazzy/opt/gz_dartsim_vendor:/opt/ros/jazzy/opt/gz_cmake_vendor:/opt/ros/jazzy DEBUGINFOD_URLS=https://debuginfod.ubuntu.com /usr/bin/cmake --install /home/qiyue/ros2_learn/test/build/test_project
[2.930s] Level 1:colcon.colcon_core.environment:create_environment_scripts_only(test_project)
[2.931s] Level 1:colcon.colcon_core.environment:checking '/home/qiyue/ros2_learn/test/install/test_project' for CMake module files
[2.931s] DEBUG:colcon.colcon_core.event_handler.log_command:Invoked command in '/home/qiyue/ros2_learn/test/build/test_project' returned '0': AMENT_PREFIX_PATH=/home/qiyue/ros2_learn/test/install/stm32_serial_comm:${AMENT_PREFIX_PATH} CMAKE_PREFIX_PATH=/home/qiyue/ros2_learn/test/install/stm32_serial_comm:/home/qiyue/ros2_learn/subcribleandtransmit/install/subscribe:/home/qiyue/ros2_learn/L0zhelloworld/install/helloworld_cpp:/opt/ros/jazzy/opt/gz_sim_vendor:/opt/ros/jazzy/opt/gz_sensors_vendor:/opt/ros/jazzy/opt/gz_physics_vendor:/opt/ros/jazzy/opt/sdformat_vendor:/opt/ros/jazzy/opt/gz_gui_vendor:/opt/ros/jazzy/opt/gz_transport_vendor:/opt/ros/jazzy/opt/gz_rendering_vendor:/opt/ros/jazzy/opt/gz_plugin_vendor:/opt/ros/jazzy/opt/gz_fuel_tools_vendor:/opt/ros/jazzy/opt/gz_msgs_vendor:/opt/ros/jazzy/opt/gz_common_vendor:/opt/ros/jazzy/opt/gz_math_vendor:/opt/ros/jazzy/opt/gz_utils_vendor:/opt/ros/jazzy/opt/gz_tools_vendor:/opt/ros/jazzy/opt/gz_ogre_next_vendor:/opt/ros/jazzy/opt/gz_dartsim_vendor:/opt/ros/jazzy/opt/gz_cmake_vendor:/opt/ros/jazzy DEBUGINFOD_URLS=https://debuginfod.ubuntu.com /usr/bin/cmake --install /home/qiyue/ros2_learn/test/build/test_project
[2.931s] Level 1:colcon.colcon_core.environment:checking '/home/qiyue/ros2_learn/test/install/test_project' for CMake config files
[2.931s] Level 1:colcon.colcon_core.shell:create_environment_hook('test_project', 'cmake_prefix_path')
[2.931s] INFO:colcon.colcon_core.shell:Creating environment hook '/home/qiyue/ros2_learn/test/install/test_project/share/test_project/hook/cmake_prefix_path.ps1'
[2.932s] INFO:colcon.colcon_core.shell:Creating environment descriptor '/home/qiyue/ros2_learn/test/install/test_project/share/test_project/hook/cmake_prefix_path.dsv'
[2.932s] INFO:colcon.colcon_core.shell:Creating environment hook '/home/qiyue/ros2_learn/test/install/test_project/share/test_project/hook/cmake_prefix_path.sh'
[2.932s] Level 1:colcon.colcon_core.environment:checking '/home/qiyue/ros2_learn/test/install/test_project/lib'
[2.932s] Level 1:colcon.colcon_core.environment:checking '/home/qiyue/ros2_learn/test/install/test_project/bin'
[2.932s] Level 1:colcon.colcon_core.environment:checking '/home/qiyue/ros2_learn/test/install/test_project/lib/pkgconfig/test_project.pc'
[2.932s] Level 1:colcon.colcon_core.environment:checking '/home/qiyue/ros2_learn/test/install/test_project/lib/python3.12/site-packages'
[2.933s] Level 1:colcon.colcon_core.environment:checking '/home/qiyue/ros2_learn/test/install/test_project/bin'
[2.933s] INFO:colcon.colcon_core.shell:Creating package script '/home/qiyue/ros2_learn/test/install/test_project/share/test_project/package.ps1'
[2.933s] INFO:colcon.colcon_core.shell:Creating package descriptor '/home/qiyue/ros2_learn/test/install/test_project/share/test_project/package.dsv'
[2.933s] INFO:colcon.colcon_core.shell:Creating package script '/home/qiyue/ros2_learn/test/install/test_project/share/test_project/package.sh'
[2.933s] INFO:colcon.colcon_core.shell:Creating package script '/home/qiyue/ros2_learn/test/install/test_project/share/test_project/package.bash'
[2.934s] INFO:colcon.colcon_core.shell:Creating package script '/home/qiyue/ros2_learn/test/install/test_project/share/test_project/package.zsh'
[2.934s] Level 1:colcon.colcon_core.environment:create_file_with_runtime_dependencies(/home/qiyue/ros2_learn/test/install/test_project/share/colcon-core/packages/test_project)
[2.934s] Level 1:colcon.colcon_core.environment:create_environment_scripts_only(test_project)
[2.934s] Level 1:colcon.colcon_core.environment:checking '/home/qiyue/ros2_learn/test/install/test_project' for CMake module files
[2.934s] Level 1:colcon.colcon_core.environment:checking '/home/qiyue/ros2_learn/test/install/test_project' for CMake config files
[2.935s] Level 1:colcon.colcon_core.shell:create_environment_hook('test_project', 'cmake_prefix_path')
[2.935s] INFO:colcon.colcon_core.shell:Creating environment hook '/home/qiyue/ros2_learn/test/install/test_project/share/test_project/hook/cmake_prefix_path.ps1'
[2.935s] INFO:colcon.colcon_core.shell:Creating environment descriptor '/home/qiyue/ros2_learn/test/install/test_project/share/test_project/hook/cmake_prefix_path.dsv'
[2.935s] INFO:colcon.colcon_core.shell:Creating environment hook '/home/qiyue/ros2_learn/test/install/test_project/share/test_project/hook/cmake_prefix_path.sh'
[2.935s] Level 1:colcon.colcon_core.environment:checking '/home/qiyue/ros2_learn/test/install/test_project/lib'
[2.935s] Level 1:colcon.colcon_core.environment:checking '/home/qiyue/ros2_learn/test/install/test_project/bin'
[2.936s] Level 1:colcon.colcon_core.environment:checking '/home/qiyue/ros2_learn/test/install/test_project/lib/pkgconfig/test_project.pc'
[2.936s] Level 1:colcon.colcon_core.environment:checking '/home/qiyue/ros2_learn/test/install/test_project/lib/python3.12/site-packages'
[2.936s] Level 1:colcon.colcon_core.environment:checking '/home/qiyue/ros2_learn/test/install/test_project/bin'
[2.936s] INFO:colcon.colcon_core.shell:Creating package script '/home/qiyue/ros2_learn/test/install/test_project/share/test_project/package.ps1'
[2.936s] INFO:colcon.colcon_core.shell:Creating package descriptor '/home/qiyue/ros2_learn/test/install/test_project/share/test_project/package.dsv'
[2.936s] INFO:colcon.colcon_core.shell:Creating package script '/home/qiyue/ros2_learn/test/install/test_project/share/test_project/package.sh'
[2.937s] INFO:colcon.colcon_core.shell:Creating package script '/home/qiyue/ros2_learn/test/install/test_project/share/test_project/package.bash'
[2.937s] INFO:colcon.colcon_core.shell:Creating package script '/home/qiyue/ros2_learn/test/install/test_project/share/test_project/package.zsh'
[2.937s] Level 1:colcon.colcon_core.environment:create_file_with_runtime_dependencies(/home/qiyue/ros2_learn/test/install/test_project/share/colcon-core/packages/test_project)
[2.937s] DEBUG:colcon.colcon_parallel_executor.executor.parallel:closing loop
[2.937s] DEBUG:colcon.colcon_parallel_executor.executor.parallel:loop closed
[2.937s] DEBUG:colcon.colcon_parallel_executor.executor.parallel:run_until_complete finished with '0'
[2.938s] DEBUG:colcon.colcon_core.event_reactor:joining thread
[2.941s] INFO:colcon.colcon_core.plugin_system:Skipping extension 'colcon_notification.desktop_notification.terminal_notifier': Not used on non-Darwin systems
[2.941s] INFO:colcon.colcon_core.plugin_system:Skipping extension 'colcon_notification.desktop_notification.win32': Not used on non-Windows systems
[2.941s] INFO:colcon.colcon_notification.desktop_notification:Sending desktop notification using 'notify2'
[2.949s] DEBUG:colcon.colcon_core.event_reactor:joined thread
[2.949s] INFO:colcon.colcon_core.shell:Creating prefix script '/home/qiyue/ros2_learn/test/install/local_setup.ps1'
[2.950s] INFO:colcon.colcon_core.shell:Creating prefix util module '/home/qiyue/ros2_learn/test/install/_local_setup_util_ps1.py'
[2.950s] INFO:colcon.colcon_core.shell:Creating prefix chain script '/home/qiyue/ros2_learn/test/install/setup.ps1'
[2.951s] INFO:colcon.colcon_core.shell:Creating prefix script '/home/qiyue/ros2_learn/test/install/local_setup.sh'
[2.951s] INFO:colcon.colcon_core.shell:Creating prefix util module '/home/qiyue/ros2_learn/test/install/_local_setup_util_sh.py'
[2.951s] INFO:colcon.colcon_core.shell:Creating prefix chain script '/home/qiyue/ros2_learn/test/install/setup.sh'
[2.952s] INFO:colcon.colcon_core.shell:Creating prefix script '/home/qiyue/ros2_learn/test/install/local_setup.bash'
[2.952s] INFO:colcon.colcon_core.shell:Creating prefix chain script '/home/qiyue/ros2_learn/test/install/setup.bash'
[2.953s] INFO:colcon.colcon_core.shell:Creating prefix script '/home/qiyue/ros2_learn/test/install/local_setup.zsh'
[2.953s] INFO:colcon.colcon_core.shell:Creating prefix chain script '/home/qiyue/ros2_learn/test/install/setup.zsh'
