-- The C compiler identification is GNU 13.3.0
-- The CXX compiler identification is GNU 13.3.0
-- Detecting C compiler ABI info
-- Detecting C compiler ABI info - done
-- Check for working C compiler: /usr/bin/cc - skipped
-- Detecting C compile features
-- Detecting C compile features - done
-- Detecting CXX compiler ABI info
-- Detecting CXX compiler ABI info - done
-- Check for working CXX compiler: /usr/bin/c++ - skipped
-- Detecting CXX compile features
-- Detecting CXX compile features - done
-- Found ament_cmake: 2.5.6 (/opt/ros/jazzy/share/ament_cmake/cmake)
-- Found Python3: /usr/bin/python3 (found version "3.12.3") found components: Interpreter 
-- Found rclcpp: 28.1.18 (/opt/ros/jazzy/share/rclcpp/cmake)
-- Found rosidl_generator_c: 4.6.7 (/opt/ros/jazzy/share/rosidl_generator_c/cmake)
-- Found rosidl_generator_cpp: 4.6.7 (/opt/ros/jazzy/share/rosidl_generator_cpp/cmake)
-- Using all available rosidl_typesupport_c: rosidl_typesupport_fastrtps_c;rosidl_typesupport_introspection_c
-- Using all available rosidl_typesupport_cpp: rosidl_typesupport_fastrtps_cpp;rosidl_typesupport_introspection_cpp
-- Found rmw_implementation_cmake: 7.3.3 (/opt/ros/jazzy/share/rmw_implementation_cmake/cmake)
-- Found rmw_fastrtps_cpp: 8.4.3 (/opt/ros/jazzy/share/rmw_fastrtps_cpp/cmake)
-- Found OpenSSL: /usr/lib/x86_64-linux-gnu/libcrypto.so (found version "3.0.13")  
-- Found FastRTPS: /opt/ros/jazzy/include (Required is at least version "2.13") 
-- Using RMW implementation 'rmw_fastrtps_cpp' as default
-- Found std_msgs: 5.3.7 (/opt/ros/jazzy/share/std_msgs/cmake)
-- Found ament_lint_auto: 0.17.5 (/opt/ros/jazzy/share/ament_lint_auto/cmake)
-- Added test 'cppcheck' to perform static code analysis on C / C++ code
-- Configured cppcheck include dirs: $<BUILD_INTERFACE:/home/qiyue/ros2_learn/test/src/stm32_serial_comm/include>
-- Configured cppcheck exclude dirs and/or files: 
-- Added test 'lint_cmake' to check CMake code style
-- Added test 'uncrustify' to check C / C++ code style
-- Configured uncrustify additional arguments: 
-- Added test 'xmllint' to check XML markup files
-- Configuring done (0.9s)
-- Generating done (0.0s)
-- Build files have been written to: /home/qiyue/ros2_learn/test/build/stm32_serial_comm
[ 25%] Building CXX object CMakeFiles/serial_lib.dir/src/serial.cpp.o
[ 50%] Linking CXX static library libserial_lib.a
[ 50%] Built target serial_lib
[ 75%] Building CXX object CMakeFiles/serial_node.dir/src/main.cpp.o
[100%] Linking CXX executable serial_node
[100%] Built target serial_node
-- Install configuration: ""
-- Installing: /home/qiyue/ros2_learn/test/install/stm32_serial_comm/lib/stm32_serial_comm/serial_node
-- Set non-toolchain portion of runtime path of "/home/qiyue/ros2_learn/test/install/stm32_serial_comm/lib/stm32_serial_comm/serial_node" to ""
-- Installing: /home/qiyue/ros2_learn/test/install/stm32_serial_comm/lib/stm32_serial_comm/libserial_lib.a
-- Installing: /home/qiyue/ros2_learn/test/install/stm32_serial_comm/include/stm32_serial_comm
-- Installing: /home/qiyue/ros2_learn/test/install/stm32_serial_comm/include/stm32_serial_comm/stm32_serial_comm
-- Installing: /home/qiyue/ros2_learn/test/install/stm32_serial_comm/include/stm32_serial_comm/stm32_serial_comm/serial.hpp
-- Installing: /home/qiyue/ros2_learn/test/install/stm32_serial_comm/share/ament_index/resource_index/package_run_dependencies/stm32_serial_comm
-- Installing: /home/qiyue/ros2_learn/test/install/stm32_serial_comm/share/ament_index/resource_index/parent_prefix_path/stm32_serial_comm
-- Installing: /home/qiyue/ros2_learn/test/install/stm32_serial_comm/share/stm32_serial_comm/environment/ament_prefix_path.sh
-- Installing: /home/qiyue/ros2_learn/test/install/stm32_serial_comm/share/stm32_serial_comm/environment/ament_prefix_path.dsv
-- Installing: /home/qiyue/ros2_learn/test/install/stm32_serial_comm/share/stm32_serial_comm/environment/path.sh
-- Installing: /home/qiyue/ros2_learn/test/install/stm32_serial_comm/share/stm32_serial_comm/environment/path.dsv
-- Installing: /home/qiyue/ros2_learn/test/install/stm32_serial_comm/share/stm32_serial_comm/local_setup.bash
-- Installing: /home/qiyue/ros2_learn/test/install/stm32_serial_comm/share/stm32_serial_comm/local_setup.sh
-- Installing: /home/qiyue/ros2_learn/test/install/stm32_serial_comm/share/stm32_serial_comm/local_setup.zsh
-- Installing: /home/qiyue/ros2_learn/test/install/stm32_serial_comm/share/stm32_serial_comm/local_setup.dsv
-- Installing: /home/qiyue/ros2_learn/test/install/stm32_serial_comm/share/stm32_serial_comm/package.dsv
-- Installing: /home/qiyue/ros2_learn/test/install/stm32_serial_comm/share/ament_index/resource_index/packages/stm32_serial_comm
-- Installing: /home/qiyue/ros2_learn/test/install/stm32_serial_comm/share/stm32_serial_comm/cmake/stm32_serial_commConfig.cmake
-- Installing: /home/qiyue/ros2_learn/test/install/stm32_serial_comm/share/stm32_serial_comm/cmake/stm32_serial_commConfig-version.cmake
-- Installing: /home/qiyue/ros2_learn/test/install/stm32_serial_comm/share/stm32_serial_comm/package.xml
