[0.007s] Invoking command in '/home/qiyue/ros2_learn/test/build/stm32_serial_comm': CMAKE_PREFIX_PATH=${CMAKE_PREFIX_PATH}:/opt/ros/jazzy DEBUGINFOD_URLS=https://debuginfod.ubuntu.com /usr/bin/cmake /home/qiyue/ros2_learn/test/src/stm32_serial_comm -DCMAKE_INSTALL_PREFIX=/home/qiyue/ros2_learn/test/install/stm32_serial_comm
[0.077s] -- The C compiler identification is GNU 13.3.0
[0.116s] -- The CXX compiler identification is GNU 13.3.0
[0.130s] -- Detecting C compiler ABI info
[0.198s] -- Detecting C compiler ABI info - done
[0.204s] -- Check for working C compiler: /usr/bin/cc - skipped
[0.204s] -- Detecting C compile features
[0.205s] -- Detecting C compile features - done
[0.212s] -- Detecting CXX compiler ABI info
[0.283s] -- Detecting CXX compiler ABI info - done
[0.288s] -- Check for working CXX compiler: /usr/bin/c++ - skipped
[0.289s] -- Detecting CXX compile features
[0.289s] -- Detecting CXX compile features - done
[0.295s] -- Found ament_cmake: 2.5.6 (/opt/ros/jazzy/share/ament_cmake/cmake)
[0.402s] -- Found Python3: /usr/bin/python3 (found version "3.12.3") found components: Interpreter 
[0.499s] -- Found rclcpp: 28.1.18 (/opt/ros/jazzy/share/rclcpp/cmake)
[0.545s] -- Found rosidl_generator_c: 4.6.7 (/opt/ros/jazzy/share/rosidl_generator_c/cmake)
[0.558s] -- Found rosidl_generator_cpp: 4.6.7 (/opt/ros/jazzy/share/rosidl_generator_cpp/cmake)
[0.575s] -- Using all available rosidl_typesupport_c: rosidl_typesupport_fastrtps_c;rosidl_typesupport_introspection_c
[0.591s] -- Using all available rosidl_typesupport_cpp: rosidl_typesupport_fastrtps_cpp;rosidl_typesupport_introspection_cpp
[0.659s] -- Found rmw_implementation_cmake: 7.3.3 (/opt/ros/jazzy/share/rmw_implementation_cmake/cmake)
[0.663s] -- Found rmw_fastrtps_cpp: 8.4.3 (/opt/ros/jazzy/share/rmw_fastrtps_cpp/cmake)
[0.745s] -- Found OpenSSL: /usr/lib/x86_64-linux-gnu/libcrypto.so (found version "3.0.13")  
[0.761s] -- Found FastRTPS: /opt/ros/jazzy/include (Required is at least version "2.13") 
[0.778s] -- Using RMW implementation 'rmw_fastrtps_cpp' as default
[0.843s] -- Found std_msgs: 5.3.7 (/opt/ros/jazzy/share/std_msgs/cmake)
[0.856s] -- Found ament_lint_auto: 0.17.5 (/opt/ros/jazzy/share/ament_lint_auto/cmake)
[0.933s] -- Added test 'cppcheck' to perform static code analysis on C / C++ code
[0.934s] -- Configured cppcheck include dirs: $<BUILD_INTERFACE:/home/qiyue/ros2_learn/test/src/stm32_serial_comm/include>
[0.934s] -- Configured cppcheck exclude dirs and/or files: 
[0.934s] -- Added test 'lint_cmake' to check CMake code style
[0.935s] -- Added test 'uncrustify' to check C / C++ code style
[0.935s] -- Configured uncrustify additional arguments: 
[0.936s] -- Added test 'xmllint' to check XML markup files
[0.937s] -- Configuring done (0.9s)
[0.945s] -- Generating done (0.0s)
[0.948s] -- Build files have been written to: /home/qiyue/ros2_learn/test/build/stm32_serial_comm
[0.956s] Invoked command in '/home/qiyue/ros2_learn/test/build/stm32_serial_comm' returned '0': CMAKE_PREFIX_PATH=${CMAKE_PREFIX_PATH}:/opt/ros/jazzy DEBUGINFOD_URLS=https://debuginfod.ubuntu.com /usr/bin/cmake /home/qiyue/ros2_learn/test/src/stm32_serial_comm -DCMAKE_INSTALL_PREFIX=/home/qiyue/ros2_learn/test/install/stm32_serial_comm
[0.957s] Invoking command in '/home/qiyue/ros2_learn/test/build/stm32_serial_comm': CMAKE_PREFIX_PATH=${CMAKE_PREFIX_PATH}:/opt/ros/jazzy DEBUGINFOD_URLS=https://debuginfod.ubuntu.com /usr/bin/cmake --build /home/qiyue/ros2_learn/test/build/stm32_serial_comm -- -j32 -l32
[0.996s] [ 25%] Building CXX object CMakeFiles/serial_lib.dir/src/serial.cpp.o
[1.253s] [ 50%] Linking CXX static library libserial_lib.a
[1.298s] [ 50%] Built target serial_lib
[1.313s] [ 75%] Building CXX object CMakeFiles/serial_node.dir/src/main.cpp.o
[3.781s] [100%] Linking CXX executable serial_node
[3.888s] [100%] Built target serial_node
[3.900s] Invoked command in '/home/qiyue/ros2_learn/test/build/stm32_serial_comm' returned '0': CMAKE_PREFIX_PATH=${CMAKE_PREFIX_PATH}:/opt/ros/jazzy DEBUGINFOD_URLS=https://debuginfod.ubuntu.com /usr/bin/cmake --build /home/qiyue/ros2_learn/test/build/stm32_serial_comm -- -j32 -l32
[3.907s] Invoking command in '/home/qiyue/ros2_learn/test/build/stm32_serial_comm': CMAKE_PREFIX_PATH=${CMAKE_PREFIX_PATH}:/opt/ros/jazzy DEBUGINFOD_URLS=https://debuginfod.ubuntu.com /usr/bin/cmake --install /home/qiyue/ros2_learn/test/build/stm32_serial_comm
[3.912s] -- Install configuration: ""
[3.912s] -- Installing: /home/qiyue/ros2_learn/test/install/stm32_serial_comm/lib/stm32_serial_comm/serial_node
[3.913s] -- Set non-toolchain portion of runtime path of "/home/qiyue/ros2_learn/test/install/stm32_serial_comm/lib/stm32_serial_comm/serial_node" to ""
[3.914s] -- Installing: /home/qiyue/ros2_learn/test/install/stm32_serial_comm/lib/stm32_serial_comm/libserial_lib.a
[3.914s] -- Installing: /home/qiyue/ros2_learn/test/install/stm32_serial_comm/include/stm32_serial_comm
[3.914s] -- Installing: /home/qiyue/ros2_learn/test/install/stm32_serial_comm/include/stm32_serial_comm/stm32_serial_comm
[3.914s] -- Installing: /home/qiyue/ros2_learn/test/install/stm32_serial_comm/include/stm32_serial_comm/stm32_serial_comm/serial.hpp
[3.914s] -- Installing: /home/qiyue/ros2_learn/test/install/stm32_serial_comm/share/ament_index/resource_index/package_run_dependencies/stm32_serial_comm
[3.914s] -- Installing: /home/qiyue/ros2_learn/test/install/stm32_serial_comm/share/ament_index/resource_index/parent_prefix_path/stm32_serial_comm
[3.914s] -- Installing: /home/qiyue/ros2_learn/test/install/stm32_serial_comm/share/stm32_serial_comm/environment/ament_prefix_path.sh
[3.914s] -- Installing: /home/qiyue/ros2_learn/test/install/stm32_serial_comm/share/stm32_serial_comm/environment/ament_prefix_path.dsv
[3.914s] -- Installing: /home/qiyue/ros2_learn/test/install/stm32_serial_comm/share/stm32_serial_comm/environment/path.sh
[3.915s] -- Installing: /home/qiyue/ros2_learn/test/install/stm32_serial_comm/share/stm32_serial_comm/environment/path.dsv
[3.915s] -- Installing: /home/qiyue/ros2_learn/test/install/stm32_serial_comm/share/stm32_serial_comm/local_setup.bash
[3.915s] -- Installing: /home/qiyue/ros2_learn/test/install/stm32_serial_comm/share/stm32_serial_comm/local_setup.sh
[3.915s] -- Installing: /home/qiyue/ros2_learn/test/install/stm32_serial_comm/share/stm32_serial_comm/local_setup.zsh
[3.915s] -- Installing: /home/qiyue/ros2_learn/test/install/stm32_serial_comm/share/stm32_serial_comm/local_setup.dsv
[3.915s] -- Installing: /home/qiyue/ros2_learn/test/install/stm32_serial_comm/share/stm32_serial_comm/package.dsv
[3.915s] -- Installing: /home/qiyue/ros2_learn/test/install/stm32_serial_comm/share/ament_index/resource_index/packages/stm32_serial_comm
[3.916s] -- Installing: /home/qiyue/ros2_learn/test/install/stm32_serial_comm/share/stm32_serial_comm/cmake/stm32_serial_commConfig.cmake
[3.916s] -- Installing: /home/qiyue/ros2_learn/test/install/stm32_serial_comm/share/stm32_serial_comm/cmake/stm32_serial_commConfig-version.cmake
[3.916s] -- Installing: /home/qiyue/ros2_learn/test/install/stm32_serial_comm/share/stm32_serial_comm/package.xml
[3.917s] Invoked command in '/home/qiyue/ros2_learn/test/build/stm32_serial_comm' returned '0': CMAKE_PREFIX_PATH=${CMAKE_PREFIX_PATH}:/opt/ros/jazzy DEBUGINFOD_URLS=https://debuginfod.ubuntu.com /usr/bin/cmake --install /home/qiyue/ros2_learn/test/build/stm32_serial_comm
