[0.163s] DEBUG:colcon:Command line arguments: ['/usr/bin/colcon', 'build']
[0.163s] DEBUG:colcon:Parsed command line arguments: Namespace(log_base=None, log_level=None, verb_name='build', build_base='build', install_base='install', merge_install=False, symlink_install=False, test_result_base=None, continue_on_error=False, executor='parallel', parallel_workers=32, event_handlers=None, ignore_user_meta=False, metas=['./colcon.meta'], base_paths=['.'], packages_ignore=None, packages_ignore_regex=None, paths=None, packages_up_to=None, packages_up_to_regex=None, packages_above=None, packages_above_and_dependencies=None, packages_above_depth=None, packages_select_by_dep=None, packages_skip_by_dep=None, packages_skip_up_to=None, packages_select_build_failed=False, packages_skip_build_finished=False, packages_select_test_failures=False, packages_skip_test_passed=False, packages_select=None, packages_skip=None, packages_select_regex=None, packages_skip_regex=None, packages_start=None, packages_end=None, allow_overriding=[], cmake_args=None, cmake_target=None, cmake_target_skip_unavailable=False, cmake_clean_cache=False, cmake_clean_first=False, cmake_force_configure=False, ament_cmake_args=None, catkin_cmake_args=None, catkin_skip_building_tests=False, mixin_files=None, mixin=None, verb_parser=<colcon_mixin.mixin.mixin_argument.MixinArgumentDecorator object at 0x710f55d97080>, verb_extension=<colcon_core.verb.build.BuildVerb object at 0x710f55d97170>, main=<bound method BuildVerb.main of <colcon_core.verb.build.BuildVerb object at 0x710f55d97170>>, mixin_verb=('build',))
[0.225s] Level 1:colcon.colcon_core.package_discovery:discover_packages(colcon_meta) check parameters
[0.225s] Level 1:colcon.colcon_core.package_discovery:discover_packages(recursive) check parameters
[0.225s] Level 1:colcon.colcon_core.package_discovery:discover_packages(ignore) check parameters
[0.225s] Level 1:colcon.colcon_core.package_discovery:discover_packages(path) check parameters
[0.225s] Level 1:colcon.colcon_core.package_discovery:discover_packages(colcon_meta) discover
[0.225s] Level 1:colcon.colcon_core.package_discovery:discover_packages(recursive) discover
[0.225s] INFO:colcon.colcon_core.package_discovery:Crawling recursively for packages in '/home/qiyue/ros2_learn/test'
[0.226s] Level 1:colcon.colcon_core.package_identification:_identify(.) by extensions ['ignore', 'ignore_ament_install']
[0.226s] Level 1:colcon.colcon_core.package_identification:_identify(.) by extension 'ignore'
[0.226s] Level 1:colcon.colcon_core.package_identification:_identify(.) by extension 'ignore_ament_install'
[0.226s] Level 1:colcon.colcon_core.package_identification:_identify(.) by extensions ['colcon_pkg']
[0.226s] Level 1:colcon.colcon_core.package_identification:_identify(.) by extension 'colcon_pkg'
[0.226s] Level 1:colcon.colcon_core.package_identification:_identify(.) by extensions ['colcon_meta']
[0.226s] Level 1:colcon.colcon_core.package_identification:_identify(.) by extension 'colcon_meta'
[0.226s] Level 1:colcon.colcon_core.package_identification:_identify(.) by extensions ['ros']
[0.226s] Level 1:colcon.colcon_core.package_identification:_identify(.) by extension 'ros'
[0.254s] Level 1:colcon.colcon_core.package_identification:_identify(.) by extensions ['cmake', 'python']
[0.254s] Level 1:colcon.colcon_core.package_identification:_identify(.) by extension 'cmake'
[0.254s] Level 1:colcon.colcon_core.package_identification:_identify(.) by extension 'python'
[0.254s] Level 1:colcon.colcon_core.package_identification:_identify(.) by extensions ['python_setup_py']
[0.254s] Level 1:colcon.colcon_core.package_identification:_identify(.) by extension 'python_setup_py'
[0.254s] Level 1:colcon.colcon_core.package_identification:_identify(build) by extensions ['ignore', 'ignore_ament_install']
[0.255s] Level 1:colcon.colcon_core.package_identification:_identify(build) by extension 'ignore'
[0.255s] Level 1:colcon.colcon_core.package_identification:_identify(build) ignored
[0.255s] Level 1:colcon.colcon_core.package_identification:_identify(install) by extensions ['ignore', 'ignore_ament_install']
[0.255s] Level 1:colcon.colcon_core.package_identification:_identify(install) by extension 'ignore'
[0.255s] Level 1:colcon.colcon_core.package_identification:_identify(install) ignored
[0.255s] Level 1:colcon.colcon_core.package_identification:_identify(log) by extensions ['ignore', 'ignore_ament_install']
[0.255s] Level 1:colcon.colcon_core.package_identification:_identify(log) by extension 'ignore'
[0.255s] Level 1:colcon.colcon_core.package_identification:_identify(log) ignored
[0.255s] Level 1:colcon.colcon_core.package_identification:_identify(src) by extensions ['ignore', 'ignore_ament_install']
[0.255s] Level 1:colcon.colcon_core.package_identification:_identify(src) by extension 'ignore'
[0.255s] Level 1:colcon.colcon_core.package_identification:_identify(src) by extension 'ignore_ament_install'
[0.255s] Level 1:colcon.colcon_core.package_identification:_identify(src) by extensions ['colcon_pkg']
[0.256s] Level 1:colcon.colcon_core.package_identification:_identify(src) by extension 'colcon_pkg'
[0.256s] Level 1:colcon.colcon_core.package_identification:_identify(src) by extensions ['colcon_meta']
[0.256s] Level 1:colcon.colcon_core.package_identification:_identify(src) by extension 'colcon_meta'
[0.256s] Level 1:colcon.colcon_core.package_identification:_identify(src) by extensions ['ros']
[0.256s] Level 1:colcon.colcon_core.package_identification:_identify(src) by extension 'ros'
[0.256s] Level 1:colcon.colcon_core.package_identification:_identify(src) by extensions ['cmake', 'python']
[0.256s] Level 1:colcon.colcon_core.package_identification:_identify(src) by extension 'cmake'
[0.256s] Level 1:colcon.colcon_core.package_identification:_identify(src) by extension 'python'
[0.256s] Level 1:colcon.colcon_core.package_identification:_identify(src) by extensions ['python_setup_py']
[0.256s] Level 1:colcon.colcon_core.package_identification:_identify(src) by extension 'python_setup_py'
[0.256s] Level 1:colcon.colcon_core.package_identification:_identify(src/test) by extensions ['ignore', 'ignore_ament_install']
[0.256s] Level 1:colcon.colcon_core.package_identification:_identify(src/test) by extension 'ignore'
[0.256s] Level 1:colcon.colcon_core.package_identification:_identify(src/test) by extension 'ignore_ament_install'
[0.256s] Level 1:colcon.colcon_core.package_identification:_identify(src/test) by extensions ['colcon_pkg']
[0.256s] Level 1:colcon.colcon_core.package_identification:_identify(src/test) by extension 'colcon_pkg'
[0.256s] Level 1:colcon.colcon_core.package_identification:_identify(src/test) by extensions ['colcon_meta']
[0.257s] Level 1:colcon.colcon_core.package_identification:_identify(src/test) by extension 'colcon_meta'
[0.257s] Level 1:colcon.colcon_core.package_identification:_identify(src/test) by extensions ['ros']
[0.257s] Level 1:colcon.colcon_core.package_identification:_identify(src/test) by extension 'ros'
[0.260s] DEBUG:colcon.colcon_core.package_identification:Package 'src/test' with type 'ros.ament_cmake' and name 'test_project'
[0.260s] Level 1:colcon.colcon_core.package_discovery:discover_packages(recursive) using defaults
[0.260s] Level 1:colcon.colcon_core.package_discovery:discover_packages(ignore) discover
[0.260s] Level 1:colcon.colcon_core.package_discovery:discover_packages(ignore) using defaults
[0.260s] Level 1:colcon.colcon_core.package_discovery:discover_packages(path) discover
[0.260s] Level 1:colcon.colcon_core.package_discovery:discover_packages(path) using defaults
[0.283s] Level 1:colcon.colcon_core.package_discovery:discover_packages(prefix_path) check parameters
[0.283s] Level 1:colcon.colcon_core.package_discovery:discover_packages(prefix_path) discover
[0.287s] DEBUG:colcon.colcon_installed_package_information.package_discovery:Found 1 installed packages in /home/qiyue/ros2_learn/test/install
[0.287s] DEBUG:colcon.colcon_installed_package_information.package_discovery:Found 1 installed packages in /home/qiyue/ros2_learn/subcribleandtransmit/install
[0.288s] DEBUG:colcon.colcon_installed_package_information.package_discovery:Found 1 installed packages in /home/qiyue/ros2_learn/L0zhelloworld/install
[0.290s] DEBUG:colcon.colcon_installed_package_information.package_discovery:Found 326 installed packages in /opt/ros/jazzy
[0.292s] Level 1:colcon.colcon_core.package_discovery:discover_packages(prefix_path) using defaults
[0.340s] Level 5:colcon.colcon_core.verb:set package 'test_project' build argument 'cmake_args' from command line to 'None'
[0.340s] Level 5:colcon.colcon_core.verb:set package 'test_project' build argument 'cmake_target' from command line to 'None'
[0.340s] Level 5:colcon.colcon_core.verb:set package 'test_project' build argument 'cmake_target_skip_unavailable' from command line to 'False'
[0.340s] Level 5:colcon.colcon_core.verb:set package 'test_project' build argument 'cmake_clean_cache' from command line to 'False'
[0.340s] Level 5:colcon.colcon_core.verb:set package 'test_project' build argument 'cmake_clean_first' from command line to 'False'
[0.340s] Level 5:colcon.colcon_core.verb:set package 'test_project' build argument 'cmake_force_configure' from command line to 'False'
[0.340s] Level 5:colcon.colcon_core.verb:set package 'test_project' build argument 'ament_cmake_args' from command line to 'None'
[0.340s] Level 5:colcon.colcon_core.verb:set package 'test_project' build argument 'catkin_cmake_args' from command line to 'None'
[0.340s] Level 5:colcon.colcon_core.verb:set package 'test_project' build argument 'catkin_skip_building_tests' from command line to 'False'
[0.340s] DEBUG:colcon.colcon_core.verb:Building package 'test_project' with the following arguments: {'ament_cmake_args': None, 'build_base': '/home/qiyue/ros2_learn/test/build/test_project', 'catkin_cmake_args': None, 'catkin_skip_building_tests': False, 'cmake_args': None, 'cmake_clean_cache': False, 'cmake_clean_first': False, 'cmake_force_configure': False, 'cmake_target': None, 'cmake_target_skip_unavailable': False, 'install_base': '/home/qiyue/ros2_learn/test/install/test_project', 'merge_install': False, 'path': '/home/qiyue/ros2_learn/test/src/test', 'symlink_install': False, 'test_result_base': None}
[0.340s] INFO:colcon.colcon_core.executor:Executing jobs using 'parallel' executor
[0.341s] DEBUG:colcon.colcon_parallel_executor.executor.parallel:run_until_complete
[0.341s] INFO:colcon.colcon_ros.task.ament_cmake.build:Building ROS package in '/home/qiyue/ros2_learn/test/src/test' with build type 'ament_cmake'
[0.342s] INFO:colcon.colcon_cmake.task.cmake.build:Building CMake package in '/home/qiyue/ros2_learn/test/src/test'
[0.346s] INFO:colcon.colcon_core.plugin_system:Skipping extension 'colcon_core.shell.bat': Not used on non-Windows systems
[0.346s] INFO:colcon.colcon_core.shell:Skip shell extension 'powershell' for command environment: Not usable outside of PowerShell
[0.346s] DEBUG:colcon.colcon_core.shell:Skip shell extension 'dsv' for command environment
[0.357s] DEBUG:colcon.colcon_core.event_handler.log_command:Invoking command in '/home/qiyue/ros2_learn/test/build/test_project': CMAKE_PREFIX_PATH=${CMAKE_PREFIX_PATH}:/opt/ros/jazzy DEBUGINFOD_URLS=https://debuginfod.ubuntu.com /usr/bin/cmake --build /home/qiyue/ros2_learn/test/build/test_project -- -j32 -l32
[16.938s] DEBUG:colcon.colcon_core.event_handler.log_command:Invoked command in '/home/qiyue/ros2_learn/test/build/test_project' returned '0': CMAKE_PREFIX_PATH=${CMAKE_PREFIX_PATH}:/opt/ros/jazzy DEBUGINFOD_URLS=https://debuginfod.ubuntu.com /usr/bin/cmake --build /home/qiyue/ros2_learn/test/build/test_project -- -j32 -l32
[16.953s] DEBUG:colcon.colcon_core.event_handler.log_command:Invoking command in '/home/qiyue/ros2_learn/test/build/test_project': CMAKE_PREFIX_PATH=${CMAKE_PREFIX_PATH}:/opt/ros/jazzy DEBUGINFOD_URLS=https://debuginfod.ubuntu.com /usr/bin/cmake --install /home/qiyue/ros2_learn/test/build/test_project
[16.989s] Level 1:colcon.colcon_core.environment:create_environment_scripts_only(test_project)
[16.989s] DEBUG:colcon.colcon_core.event_handler.log_command:Invoked command in '/home/qiyue/ros2_learn/test/build/test_project' returned '0': CMAKE_PREFIX_PATH=${CMAKE_PREFIX_PATH}:/opt/ros/jazzy DEBUGINFOD_URLS=https://debuginfod.ubuntu.com /usr/bin/cmake --install /home/qiyue/ros2_learn/test/build/test_project
[16.995s] Level 1:colcon.colcon_core.environment:checking '/home/qiyue/ros2_learn/test/install/test_project' for CMake module files
[16.996s] Level 1:colcon.colcon_core.environment:checking '/home/qiyue/ros2_learn/test/install/test_project' for CMake config files
[16.996s] Level 1:colcon.colcon_core.shell:create_environment_hook('test_project', 'cmake_prefix_path')
[16.996s] INFO:colcon.colcon_core.shell:Creating environment hook '/home/qiyue/ros2_learn/test/install/test_project/share/test_project/hook/cmake_prefix_path.ps1'
[16.997s] INFO:colcon.colcon_core.shell:Creating environment descriptor '/home/qiyue/ros2_learn/test/install/test_project/share/test_project/hook/cmake_prefix_path.dsv'
[16.998s] INFO:colcon.colcon_core.shell:Creating environment hook '/home/qiyue/ros2_learn/test/install/test_project/share/test_project/hook/cmake_prefix_path.sh'
[16.999s] Level 1:colcon.colcon_core.environment:checking '/home/qiyue/ros2_learn/test/install/test_project/lib'
[16.999s] Level 1:colcon.colcon_core.environment:checking '/home/qiyue/ros2_learn/test/install/test_project/bin'
[16.999s] Level 1:colcon.colcon_core.environment:checking '/home/qiyue/ros2_learn/test/install/test_project/lib/pkgconfig/test_project.pc'
[17.000s] Level 1:colcon.colcon_core.environment:checking '/home/qiyue/ros2_learn/test/install/test_project/lib/python3.12/site-packages'
[17.000s] Level 1:colcon.colcon_core.environment:checking '/home/qiyue/ros2_learn/test/install/test_project/bin'
[17.000s] INFO:colcon.colcon_core.shell:Creating package script '/home/qiyue/ros2_learn/test/install/test_project/share/test_project/package.ps1'
[17.001s] INFO:colcon.colcon_core.shell:Creating package descriptor '/home/qiyue/ros2_learn/test/install/test_project/share/test_project/package.dsv'
[17.002s] INFO:colcon.colcon_core.shell:Creating package script '/home/qiyue/ros2_learn/test/install/test_project/share/test_project/package.sh'
[17.003s] INFO:colcon.colcon_core.shell:Creating package script '/home/qiyue/ros2_learn/test/install/test_project/share/test_project/package.bash'
[17.004s] INFO:colcon.colcon_core.shell:Creating package script '/home/qiyue/ros2_learn/test/install/test_project/share/test_project/package.zsh'
[17.005s] Level 1:colcon.colcon_core.environment:create_file_with_runtime_dependencies(/home/qiyue/ros2_learn/test/install/test_project/share/colcon-core/packages/test_project)
[17.005s] Level 1:colcon.colcon_core.environment:create_environment_scripts_only(test_project)
[17.006s] Level 1:colcon.colcon_core.environment:checking '/home/qiyue/ros2_learn/test/install/test_project' for CMake module files
[17.006s] Level 1:colcon.colcon_core.environment:checking '/home/qiyue/ros2_learn/test/install/test_project' for CMake config files
[17.006s] Level 1:colcon.colcon_core.shell:create_environment_hook('test_project', 'cmake_prefix_path')
[17.007s] INFO:colcon.colcon_core.shell:Creating environment hook '/home/qiyue/ros2_learn/test/install/test_project/share/test_project/hook/cmake_prefix_path.ps1'
[17.007s] INFO:colcon.colcon_core.shell:Creating environment descriptor '/home/qiyue/ros2_learn/test/install/test_project/share/test_project/hook/cmake_prefix_path.dsv'
[17.007s] INFO:colcon.colcon_core.shell:Creating environment hook '/home/qiyue/ros2_learn/test/install/test_project/share/test_project/hook/cmake_prefix_path.sh'
[17.008s] Level 1:colcon.colcon_core.environment:checking '/home/qiyue/ros2_learn/test/install/test_project/lib'
[17.008s] Level 1:colcon.colcon_core.environment:checking '/home/qiyue/ros2_learn/test/install/test_project/bin'
[17.008s] Level 1:colcon.colcon_core.environment:checking '/home/qiyue/ros2_learn/test/install/test_project/lib/pkgconfig/test_project.pc'
[17.009s] Level 1:colcon.colcon_core.environment:checking '/home/qiyue/ros2_learn/test/install/test_project/lib/python3.12/site-packages'
[17.009s] Level 1:colcon.colcon_core.environment:checking '/home/qiyue/ros2_learn/test/install/test_project/bin'
[17.009s] INFO:colcon.colcon_core.shell:Creating package script '/home/qiyue/ros2_learn/test/install/test_project/share/test_project/package.ps1'
[17.010s] INFO:colcon.colcon_core.shell:Creating package descriptor '/home/qiyue/ros2_learn/test/install/test_project/share/test_project/package.dsv'
[17.011s] INFO:colcon.colcon_core.shell:Creating package script '/home/qiyue/ros2_learn/test/install/test_project/share/test_project/package.sh'
[17.011s] INFO:colcon.colcon_core.shell:Creating package script '/home/qiyue/ros2_learn/test/install/test_project/share/test_project/package.bash'
[17.012s] INFO:colcon.colcon_core.shell:Creating package script '/home/qiyue/ros2_learn/test/install/test_project/share/test_project/package.zsh'
[17.012s] Level 1:colcon.colcon_core.environment:create_file_with_runtime_dependencies(/home/qiyue/ros2_learn/test/install/test_project/share/colcon-core/packages/test_project)
[17.013s] DEBUG:colcon.colcon_parallel_executor.executor.parallel:closing loop
[17.013s] DEBUG:colcon.colcon_parallel_executor.executor.parallel:loop closed
[17.013s] DEBUG:colcon.colcon_parallel_executor.executor.parallel:run_until_complete finished with '0'
[17.013s] DEBUG:colcon.colcon_core.event_reactor:joining thread
[17.022s] INFO:colcon.colcon_core.plugin_system:Skipping extension 'colcon_notification.desktop_notification.terminal_notifier': Not used on non-Darwin systems
[17.022s] INFO:colcon.colcon_core.plugin_system:Skipping extension 'colcon_notification.desktop_notification.win32': Not used on non-Windows systems
[17.022s] INFO:colcon.colcon_notification.desktop_notification:Sending desktop notification using 'notify2'
[17.040s] DEBUG:colcon.colcon_core.event_reactor:joined thread
[17.040s] INFO:colcon.colcon_core.shell:Creating prefix script '/home/qiyue/ros2_learn/test/install/local_setup.ps1'
[17.041s] INFO:colcon.colcon_core.shell:Creating prefix util module '/home/qiyue/ros2_learn/test/install/_local_setup_util_ps1.py'
[17.043s] INFO:colcon.colcon_core.shell:Creating prefix chain script '/home/qiyue/ros2_learn/test/install/setup.ps1'
[17.044s] INFO:colcon.colcon_core.shell:Creating prefix script '/home/qiyue/ros2_learn/test/install/local_setup.sh'
[17.045s] INFO:colcon.colcon_core.shell:Creating prefix util module '/home/qiyue/ros2_learn/test/install/_local_setup_util_sh.py'
[17.046s] INFO:colcon.colcon_core.shell:Creating prefix chain script '/home/qiyue/ros2_learn/test/install/setup.sh'
[17.047s] INFO:colcon.colcon_core.shell:Creating prefix script '/home/qiyue/ros2_learn/test/install/local_setup.bash'
[17.048s] INFO:colcon.colcon_core.shell:Creating prefix chain script '/home/qiyue/ros2_learn/test/install/setup.bash'
[17.050s] INFO:colcon.colcon_core.shell:Creating prefix script '/home/qiyue/ros2_learn/test/install/local_setup.zsh'
[17.050s] INFO:colcon.colcon_core.shell:Creating prefix chain script '/home/qiyue/ros2_learn/test/install/setup.zsh'
