[0.161s] DEBUG:colcon:Command line arguments: ['/usr/bin/colcon', 'build']
[0.161s] DEBUG:colcon:Parsed command line arguments: Namespace(log_base=None, log_level=None, verb_name='build', build_base='build', install_base='install', merge_install=False, symlink_install=False, test_result_base=None, continue_on_error=False, executor='parallel', parallel_workers=32, event_handlers=None, ignore_user_meta=False, metas=['./colcon.meta'], base_paths=['.'], packages_ignore=None, packages_ignore_regex=None, paths=None, packages_up_to=None, packages_up_to_regex=None, packages_above=None, packages_above_and_dependencies=None, packages_above_depth=None, packages_select_by_dep=None, packages_skip_by_dep=None, packages_skip_up_to=None, packages_select_build_failed=False, packages_skip_build_finished=False, packages_select_test_failures=False, packages_skip_test_passed=False, packages_select=None, packages_skip=None, packages_select_regex=None, packages_skip_regex=None, packages_start=None, packages_end=None, allow_overriding=[], cmake_args=None, cmake_target=None, cmake_target_skip_unavailable=False, cmake_clean_cache=False, cmake_clean_first=False, cmake_force_configure=False, ament_cmake_args=None, catkin_cmake_args=None, catkin_skip_building_tests=False, mixin_files=None, mixin=None, verb_parser=<colcon_mixin.mixin.mixin_argument.MixinArgumentDecorator object at 0x7c3a9ac9b4d0>, verb_extension=<colcon_core.verb.build.BuildVerb object at 0x7c3a9ac9b260>, main=<bound method BuildVerb.main of <colcon_core.verb.build.BuildVerb object at 0x7c3a9ac9b260>>, mixin_verb=('build',))
[0.203s] Level 1:colcon.colcon_core.package_discovery:discover_packages(colcon_meta) check parameters
[0.203s] Level 1:colcon.colcon_core.package_discovery:discover_packages(recursive) check parameters
[0.203s] Level 1:colcon.colcon_core.package_discovery:discover_packages(ignore) check parameters
[0.203s] Level 1:colcon.colcon_core.package_discovery:discover_packages(path) check parameters
[0.203s] Level 1:colcon.colcon_core.package_discovery:discover_packages(colcon_meta) discover
[0.203s] Level 1:colcon.colcon_core.package_discovery:discover_packages(recursive) discover
[0.203s] INFO:colcon.colcon_core.package_discovery:Crawling recursively for packages in '/home/qiyue/ros2_learn/test'
[0.203s] Level 1:colcon.colcon_core.package_identification:_identify(.) by extensions ['ignore', 'ignore_ament_install']
[0.203s] Level 1:colcon.colcon_core.package_identification:_identify(.) by extension 'ignore'
[0.203s] Level 1:colcon.colcon_core.package_identification:_identify(.) by extension 'ignore_ament_install'
[0.203s] Level 1:colcon.colcon_core.package_identification:_identify(.) by extensions ['colcon_pkg']
[0.203s] Level 1:colcon.colcon_core.package_identification:_identify(.) by extension 'colcon_pkg'
[0.203s] Level 1:colcon.colcon_core.package_identification:_identify(.) by extensions ['colcon_meta']
[0.203s] Level 1:colcon.colcon_core.package_identification:_identify(.) by extension 'colcon_meta'
[0.203s] Level 1:colcon.colcon_core.package_identification:_identify(.) by extensions ['ros']
[0.203s] Level 1:colcon.colcon_core.package_identification:_identify(.) by extension 'ros'
[0.224s] Level 1:colcon.colcon_core.package_identification:_identify(.) by extensions ['cmake', 'python']
[0.224s] Level 1:colcon.colcon_core.package_identification:_identify(.) by extension 'cmake'
[0.224s] Level 1:colcon.colcon_core.package_identification:_identify(.) by extension 'python'
[0.224s] Level 1:colcon.colcon_core.package_identification:_identify(.) by extensions ['python_setup_py']
[0.224s] Level 1:colcon.colcon_core.package_identification:_identify(.) by extension 'python_setup_py'
[0.224s] Level 1:colcon.colcon_core.package_identification:_identify(build) by extensions ['ignore', 'ignore_ament_install']
[0.224s] Level 1:colcon.colcon_core.package_identification:_identify(build) by extension 'ignore'
[0.224s] Level 1:colcon.colcon_core.package_identification:_identify(build) ignored
[0.224s] Level 1:colcon.colcon_core.package_identification:_identify(install) by extensions ['ignore', 'ignore_ament_install']
[0.224s] Level 1:colcon.colcon_core.package_identification:_identify(install) by extension 'ignore'
[0.224s] Level 1:colcon.colcon_core.package_identification:_identify(install) ignored
[0.225s] Level 1:colcon.colcon_core.package_identification:_identify(log) by extensions ['ignore', 'ignore_ament_install']
[0.225s] Level 1:colcon.colcon_core.package_identification:_identify(log) by extension 'ignore'
[0.225s] Level 1:colcon.colcon_core.package_identification:_identify(log) ignored
[0.225s] Level 1:colcon.colcon_core.package_identification:_identify(src) by extensions ['ignore', 'ignore_ament_install']
[0.225s] Level 1:colcon.colcon_core.package_identification:_identify(src) by extension 'ignore'
[0.225s] Level 1:colcon.colcon_core.package_identification:_identify(src) by extension 'ignore_ament_install'
[0.225s] Level 1:colcon.colcon_core.package_identification:_identify(src) by extensions ['colcon_pkg']
[0.225s] Level 1:colcon.colcon_core.package_identification:_identify(src) by extension 'colcon_pkg'
[0.225s] Level 1:colcon.colcon_core.package_identification:_identify(src) by extensions ['colcon_meta']
[0.225s] Level 1:colcon.colcon_core.package_identification:_identify(src) by extension 'colcon_meta'
[0.225s] Level 1:colcon.colcon_core.package_identification:_identify(src) by extensions ['ros']
[0.225s] Level 1:colcon.colcon_core.package_identification:_identify(src) by extension 'ros'
[0.225s] Level 1:colcon.colcon_core.package_identification:_identify(src) by extensions ['cmake', 'python']
[0.225s] Level 1:colcon.colcon_core.package_identification:_identify(src) by extension 'cmake'
[0.225s] Level 1:colcon.colcon_core.package_identification:_identify(src) by extension 'python'
[0.225s] Level 1:colcon.colcon_core.package_identification:_identify(src) by extensions ['python_setup_py']
[0.225s] Level 1:colcon.colcon_core.package_identification:_identify(src) by extension 'python_setup_py'
[0.225s] Level 1:colcon.colcon_core.package_identification:_identify(src/stm32_serial_comm) by extensions ['ignore', 'ignore_ament_install']
[0.225s] Level 1:colcon.colcon_core.package_identification:_identify(src/stm32_serial_comm) by extension 'ignore'
[0.225s] Level 1:colcon.colcon_core.package_identification:_identify(src/stm32_serial_comm) by extension 'ignore_ament_install'
[0.225s] Level 1:colcon.colcon_core.package_identification:_identify(src/stm32_serial_comm) by extensions ['colcon_pkg']
[0.225s] Level 1:colcon.colcon_core.package_identification:_identify(src/stm32_serial_comm) by extension 'colcon_pkg'
[0.225s] Level 1:colcon.colcon_core.package_identification:_identify(src/stm32_serial_comm) by extensions ['colcon_meta']
[0.225s] Level 1:colcon.colcon_core.package_identification:_identify(src/stm32_serial_comm) by extension 'colcon_meta'
[0.225s] Level 1:colcon.colcon_core.package_identification:_identify(src/stm32_serial_comm) by extensions ['ros']
[0.226s] Level 1:colcon.colcon_core.package_identification:_identify(src/stm32_serial_comm) by extension 'ros'
[0.227s] DEBUG:colcon.colcon_core.package_identification:Package 'src/stm32_serial_comm' with type 'ros.ament_cmake' and name 'stm32_serial_comm'
[0.227s] Level 1:colcon.colcon_core.package_identification:_identify(src/test) by extensions ['ignore', 'ignore_ament_install']
[0.227s] Level 1:colcon.colcon_core.package_identification:_identify(src/test) by extension 'ignore'
[0.227s] Level 1:colcon.colcon_core.package_identification:_identify(src/test) by extension 'ignore_ament_install'
[0.227s] Level 1:colcon.colcon_core.package_identification:_identify(src/test) by extensions ['colcon_pkg']
[0.227s] Level 1:colcon.colcon_core.package_identification:_identify(src/test) by extension 'colcon_pkg'
[0.228s] Level 1:colcon.colcon_core.package_identification:_identify(src/test) by extensions ['colcon_meta']
[0.228s] Level 1:colcon.colcon_core.package_identification:_identify(src/test) by extension 'colcon_meta'
[0.228s] Level 1:colcon.colcon_core.package_identification:_identify(src/test) by extensions ['ros']
[0.228s] Level 1:colcon.colcon_core.package_identification:_identify(src/test) by extension 'ros'
[0.228s] DEBUG:colcon.colcon_core.package_identification:Package 'src/test' with type 'ros.ament_cmake' and name 'test_project'
[0.228s] Level 1:colcon.colcon_core.package_discovery:discover_packages(recursive) using defaults
[0.228s] Level 1:colcon.colcon_core.package_discovery:discover_packages(ignore) discover
[0.228s] Level 1:colcon.colcon_core.package_discovery:discover_packages(ignore) using defaults
[0.228s] Level 1:colcon.colcon_core.package_discovery:discover_packages(path) discover
[0.228s] Level 1:colcon.colcon_core.package_discovery:discover_packages(path) using defaults
[0.240s] Level 1:colcon.colcon_core.package_discovery:discover_packages(prefix_path) check parameters
[0.240s] Level 1:colcon.colcon_core.package_discovery:discover_packages(prefix_path) discover
[0.242s] DEBUG:colcon.colcon_installed_package_information.package_discovery:Found 1 installed packages in /home/qiyue/ros2_learn/subcribleandtransmit/install
[0.242s] DEBUG:colcon.colcon_installed_package_information.package_discovery:Found 1 installed packages in /home/qiyue/ros2_learn/L0zhelloworld/install
[0.243s] DEBUG:colcon.colcon_installed_package_information.package_discovery:Found 326 installed packages in /opt/ros/jazzy
[0.244s] Level 1:colcon.colcon_core.package_discovery:discover_packages(prefix_path) using defaults
[0.268s] Level 5:colcon.colcon_core.verb:set package 'stm32_serial_comm' build argument 'cmake_args' from command line to 'None'
[0.268s] Level 5:colcon.colcon_core.verb:set package 'stm32_serial_comm' build argument 'cmake_target' from command line to 'None'
[0.268s] Level 5:colcon.colcon_core.verb:set package 'stm32_serial_comm' build argument 'cmake_target_skip_unavailable' from command line to 'False'
[0.268s] Level 5:colcon.colcon_core.verb:set package 'stm32_serial_comm' build argument 'cmake_clean_cache' from command line to 'False'
[0.268s] Level 5:colcon.colcon_core.verb:set package 'stm32_serial_comm' build argument 'cmake_clean_first' from command line to 'False'
[0.268s] Level 5:colcon.colcon_core.verb:set package 'stm32_serial_comm' build argument 'cmake_force_configure' from command line to 'False'
[0.268s] Level 5:colcon.colcon_core.verb:set package 'stm32_serial_comm' build argument 'ament_cmake_args' from command line to 'None'
[0.268s] Level 5:colcon.colcon_core.verb:set package 'stm32_serial_comm' build argument 'catkin_cmake_args' from command line to 'None'
[0.268s] Level 5:colcon.colcon_core.verb:set package 'stm32_serial_comm' build argument 'catkin_skip_building_tests' from command line to 'False'
[0.268s] DEBUG:colcon.colcon_core.verb:Building package 'stm32_serial_comm' with the following arguments: {'ament_cmake_args': None, 'build_base': '/home/qiyue/ros2_learn/test/build/stm32_serial_comm', 'catkin_cmake_args': None, 'catkin_skip_building_tests': False, 'cmake_args': None, 'cmake_clean_cache': False, 'cmake_clean_first': False, 'cmake_force_configure': False, 'cmake_target': None, 'cmake_target_skip_unavailable': False, 'install_base': '/home/qiyue/ros2_learn/test/install/stm32_serial_comm', 'merge_install': False, 'path': '/home/qiyue/ros2_learn/test/src/stm32_serial_comm', 'symlink_install': False, 'test_result_base': None}
[0.269s] Level 5:colcon.colcon_core.verb:set package 'test_project' build argument 'cmake_args' from command line to 'None'
[0.269s] Level 5:colcon.colcon_core.verb:set package 'test_project' build argument 'cmake_target' from command line to 'None'
[0.269s] Level 5:colcon.colcon_core.verb:set package 'test_project' build argument 'cmake_target_skip_unavailable' from command line to 'False'
[0.269s] Level 5:colcon.colcon_core.verb:set package 'test_project' build argument 'cmake_clean_cache' from command line to 'False'
[0.269s] Level 5:colcon.colcon_core.verb:set package 'test_project' build argument 'cmake_clean_first' from command line to 'False'
[0.269s] Level 5:colcon.colcon_core.verb:set package 'test_project' build argument 'cmake_force_configure' from command line to 'False'
[0.269s] Level 5:colcon.colcon_core.verb:set package 'test_project' build argument 'ament_cmake_args' from command line to 'None'
[0.269s] Level 5:colcon.colcon_core.verb:set package 'test_project' build argument 'catkin_cmake_args' from command line to 'None'
[0.269s] Level 5:colcon.colcon_core.verb:set package 'test_project' build argument 'catkin_skip_building_tests' from command line to 'False'
[0.269s] DEBUG:colcon.colcon_core.verb:Building package 'test_project' with the following arguments: {'ament_cmake_args': None, 'build_base': '/home/qiyue/ros2_learn/test/build/test_project', 'catkin_cmake_args': None, 'catkin_skip_building_tests': False, 'cmake_args': None, 'cmake_clean_cache': False, 'cmake_clean_first': False, 'cmake_force_configure': False, 'cmake_target': None, 'cmake_target_skip_unavailable': False, 'install_base': '/home/qiyue/ros2_learn/test/install/test_project', 'merge_install': False, 'path': '/home/qiyue/ros2_learn/test/src/test', 'symlink_install': False, 'test_result_base': None}
[0.269s] INFO:colcon.colcon_core.executor:Executing jobs using 'parallel' executor
[0.269s] DEBUG:colcon.colcon_parallel_executor.executor.parallel:run_until_complete
[0.270s] INFO:colcon.colcon_ros.task.ament_cmake.build:Building ROS package in '/home/qiyue/ros2_learn/test/src/stm32_serial_comm' with build type 'ament_cmake'
[0.270s] INFO:colcon.colcon_cmake.task.cmake.build:Building CMake package in '/home/qiyue/ros2_learn/test/src/stm32_serial_comm'
[0.271s] INFO:colcon.colcon_core.plugin_system:Skipping extension 'colcon_core.shell.bat': Not used on non-Windows systems
[0.271s] INFO:colcon.colcon_core.shell:Skip shell extension 'powershell' for command environment: Not usable outside of PowerShell
[0.271s] DEBUG:colcon.colcon_core.shell:Skip shell extension 'dsv' for command environment
[0.277s] DEBUG:colcon.colcon_core.event_handler.log_command:Invoking command in '/home/qiyue/ros2_learn/test/build/stm32_serial_comm': CMAKE_PREFIX_PATH=${CMAKE_PREFIX_PATH}:/opt/ros/jazzy DEBUGINFOD_URLS=https://debuginfod.ubuntu.com /usr/bin/cmake /home/qiyue/ros2_learn/test/src/stm32_serial_comm -DCMAKE_INSTALL_PREFIX=/home/qiyue/ros2_learn/test/install/stm32_serial_comm
[1.226s] DEBUG:colcon.colcon_core.event_handler.log_command:Invoked command in '/home/qiyue/ros2_learn/test/build/stm32_serial_comm' returned '0': CMAKE_PREFIX_PATH=${CMAKE_PREFIX_PATH}:/opt/ros/jazzy DEBUGINFOD_URLS=https://debuginfod.ubuntu.com /usr/bin/cmake /home/qiyue/ros2_learn/test/src/stm32_serial_comm -DCMAKE_INSTALL_PREFIX=/home/qiyue/ros2_learn/test/install/stm32_serial_comm
[1.227s] DEBUG:colcon.colcon_core.event_handler.log_command:Invoking command in '/home/qiyue/ros2_learn/test/build/stm32_serial_comm': CMAKE_PREFIX_PATH=${CMAKE_PREFIX_PATH}:/opt/ros/jazzy DEBUGINFOD_URLS=https://debuginfod.ubuntu.com /usr/bin/cmake --build /home/qiyue/ros2_learn/test/build/stm32_serial_comm -- -j32 -l32
[4.170s] DEBUG:colcon.colcon_core.event_handler.log_command:Invoked command in '/home/qiyue/ros2_learn/test/build/stm32_serial_comm' returned '0': CMAKE_PREFIX_PATH=${CMAKE_PREFIX_PATH}:/opt/ros/jazzy DEBUGINFOD_URLS=https://debuginfod.ubuntu.com /usr/bin/cmake --build /home/qiyue/ros2_learn/test/build/stm32_serial_comm -- -j32 -l32
[4.177s] DEBUG:colcon.colcon_core.event_handler.log_command:Invoking command in '/home/qiyue/ros2_learn/test/build/stm32_serial_comm': CMAKE_PREFIX_PATH=${CMAKE_PREFIX_PATH}:/opt/ros/jazzy DEBUGINFOD_URLS=https://debuginfod.ubuntu.com /usr/bin/cmake --install /home/qiyue/ros2_learn/test/build/stm32_serial_comm
[4.187s] Level 1:colcon.colcon_core.environment:create_environment_scripts_only(stm32_serial_comm)
[4.187s] DEBUG:colcon.colcon_core.event_handler.log_command:Invoked command in '/home/qiyue/ros2_learn/test/build/stm32_serial_comm' returned '0': CMAKE_PREFIX_PATH=${CMAKE_PREFIX_PATH}:/opt/ros/jazzy DEBUGINFOD_URLS=https://debuginfod.ubuntu.com /usr/bin/cmake --install /home/qiyue/ros2_learn/test/build/stm32_serial_comm
[4.189s] Level 1:colcon.colcon_core.environment:checking '/home/qiyue/ros2_learn/test/install/stm32_serial_comm' for CMake module files
[4.189s] Level 1:colcon.colcon_core.environment:checking '/home/qiyue/ros2_learn/test/install/stm32_serial_comm' for CMake config files
[4.189s] Level 1:colcon.colcon_core.shell:create_environment_hook('stm32_serial_comm', 'cmake_prefix_path')
[4.189s] INFO:colcon.colcon_core.shell:Creating environment hook '/home/qiyue/ros2_learn/test/install/stm32_serial_comm/share/stm32_serial_comm/hook/cmake_prefix_path.ps1'
[4.190s] INFO:colcon.colcon_core.shell:Creating environment descriptor '/home/qiyue/ros2_learn/test/install/stm32_serial_comm/share/stm32_serial_comm/hook/cmake_prefix_path.dsv'
[4.190s] INFO:colcon.colcon_core.shell:Creating environment hook '/home/qiyue/ros2_learn/test/install/stm32_serial_comm/share/stm32_serial_comm/hook/cmake_prefix_path.sh'
[4.190s] Level 1:colcon.colcon_core.environment:checking '/home/qiyue/ros2_learn/test/install/stm32_serial_comm/lib'
[4.190s] Level 1:colcon.colcon_core.environment:checking '/home/qiyue/ros2_learn/test/install/stm32_serial_comm/bin'
[4.190s] Level 1:colcon.colcon_core.environment:checking '/home/qiyue/ros2_learn/test/install/stm32_serial_comm/lib/pkgconfig/stm32_serial_comm.pc'
[4.191s] Level 1:colcon.colcon_core.environment:checking '/home/qiyue/ros2_learn/test/install/stm32_serial_comm/lib/python3.12/site-packages'
[4.191s] Level 1:colcon.colcon_core.environment:checking '/home/qiyue/ros2_learn/test/install/stm32_serial_comm/bin'
[4.191s] INFO:colcon.colcon_core.shell:Creating package script '/home/qiyue/ros2_learn/test/install/stm32_serial_comm/share/stm32_serial_comm/package.ps1'
[4.192s] INFO:colcon.colcon_core.shell:Creating package descriptor '/home/qiyue/ros2_learn/test/install/stm32_serial_comm/share/stm32_serial_comm/package.dsv'
[4.192s] INFO:colcon.colcon_core.shell:Creating package script '/home/qiyue/ros2_learn/test/install/stm32_serial_comm/share/stm32_serial_comm/package.sh'
[4.192s] INFO:colcon.colcon_core.shell:Creating package script '/home/qiyue/ros2_learn/test/install/stm32_serial_comm/share/stm32_serial_comm/package.bash'
[4.192s] INFO:colcon.colcon_core.shell:Creating package script '/home/qiyue/ros2_learn/test/install/stm32_serial_comm/share/stm32_serial_comm/package.zsh'
[4.193s] Level 1:colcon.colcon_core.environment:create_file_with_runtime_dependencies(/home/qiyue/ros2_learn/test/install/stm32_serial_comm/share/colcon-core/packages/stm32_serial_comm)
[4.193s] Level 1:colcon.colcon_core.environment:create_environment_scripts_only(stm32_serial_comm)
[4.193s] Level 1:colcon.colcon_core.environment:checking '/home/qiyue/ros2_learn/test/install/stm32_serial_comm' for CMake module files
[4.193s] Level 1:colcon.colcon_core.environment:checking '/home/qiyue/ros2_learn/test/install/stm32_serial_comm' for CMake config files
[4.194s] Level 1:colcon.colcon_core.shell:create_environment_hook('stm32_serial_comm', 'cmake_prefix_path')
[4.194s] INFO:colcon.colcon_core.shell:Creating environment hook '/home/qiyue/ros2_learn/test/install/stm32_serial_comm/share/stm32_serial_comm/hook/cmake_prefix_path.ps1'
[4.194s] INFO:colcon.colcon_core.shell:Creating environment descriptor '/home/qiyue/ros2_learn/test/install/stm32_serial_comm/share/stm32_serial_comm/hook/cmake_prefix_path.dsv'
[4.194s] INFO:colcon.colcon_core.shell:Creating environment hook '/home/qiyue/ros2_learn/test/install/stm32_serial_comm/share/stm32_serial_comm/hook/cmake_prefix_path.sh'
[4.194s] Level 1:colcon.colcon_core.environment:checking '/home/qiyue/ros2_learn/test/install/stm32_serial_comm/lib'
[4.195s] Level 1:colcon.colcon_core.environment:checking '/home/qiyue/ros2_learn/test/install/stm32_serial_comm/bin'
[4.195s] Level 1:colcon.colcon_core.environment:checking '/home/qiyue/ros2_learn/test/install/stm32_serial_comm/lib/pkgconfig/stm32_serial_comm.pc'
[4.195s] Level 1:colcon.colcon_core.environment:checking '/home/qiyue/ros2_learn/test/install/stm32_serial_comm/lib/python3.12/site-packages'
[4.195s] Level 1:colcon.colcon_core.environment:checking '/home/qiyue/ros2_learn/test/install/stm32_serial_comm/bin'
[4.195s] INFO:colcon.colcon_core.shell:Creating package script '/home/qiyue/ros2_learn/test/install/stm32_serial_comm/share/stm32_serial_comm/package.ps1'
[4.195s] INFO:colcon.colcon_core.shell:Creating package descriptor '/home/qiyue/ros2_learn/test/install/stm32_serial_comm/share/stm32_serial_comm/package.dsv'
[4.196s] INFO:colcon.colcon_core.shell:Creating package script '/home/qiyue/ros2_learn/test/install/stm32_serial_comm/share/stm32_serial_comm/package.sh'
[4.196s] INFO:colcon.colcon_core.shell:Creating package script '/home/qiyue/ros2_learn/test/install/stm32_serial_comm/share/stm32_serial_comm/package.bash'
[4.196s] INFO:colcon.colcon_core.shell:Creating package script '/home/qiyue/ros2_learn/test/install/stm32_serial_comm/share/stm32_serial_comm/package.zsh'
[4.196s] Level 1:colcon.colcon_core.environment:create_file_with_runtime_dependencies(/home/qiyue/ros2_learn/test/install/stm32_serial_comm/share/colcon-core/packages/stm32_serial_comm)
[4.197s] INFO:colcon.colcon_ros.task.ament_cmake.build:Building ROS package in '/home/qiyue/ros2_learn/test/src/test' with build type 'ament_cmake'
[4.197s] INFO:colcon.colcon_cmake.task.cmake.build:Building CMake package in '/home/qiyue/ros2_learn/test/src/test'
[4.197s] INFO:colcon.colcon_core.shell:Skip shell extension 'powershell' for command environment: Not usable outside of PowerShell
[4.197s] DEBUG:colcon.colcon_core.shell:Skip shell extension 'dsv' for command environment
[4.203s] DEBUG:colcon.colcon_core.event_handler.log_command:Invoking command in '/home/qiyue/ros2_learn/test/build/test_project': AMENT_PREFIX_PATH=/home/qiyue/ros2_learn/test/install/stm32_serial_comm:${AMENT_PREFIX_PATH} CMAKE_PREFIX_PATH=/home/qiyue/ros2_learn/test/install/stm32_serial_comm:/home/qiyue/ros2_learn/subcribleandtransmit/install/subscribe:/home/qiyue/ros2_learn/L0zhelloworld/install/helloworld_cpp:/opt/ros/jazzy/opt/gz_sim_vendor:/opt/ros/jazzy/opt/gz_sensors_vendor:/opt/ros/jazzy/opt/gz_physics_vendor:/opt/ros/jazzy/opt/sdformat_vendor:/opt/ros/jazzy/opt/gz_gui_vendor:/opt/ros/jazzy/opt/gz_transport_vendor:/opt/ros/jazzy/opt/gz_rendering_vendor:/opt/ros/jazzy/opt/gz_plugin_vendor:/opt/ros/jazzy/opt/gz_fuel_tools_vendor:/opt/ros/jazzy/opt/gz_msgs_vendor:/opt/ros/jazzy/opt/gz_common_vendor:/opt/ros/jazzy/opt/gz_math_vendor:/opt/ros/jazzy/opt/gz_utils_vendor:/opt/ros/jazzy/opt/gz_tools_vendor:/opt/ros/jazzy/opt/gz_ogre_next_vendor:/opt/ros/jazzy/opt/gz_dartsim_vendor:/opt/ros/jazzy/opt/gz_cmake_vendor:/opt/ros/jazzy DEBUGINFOD_URLS=https://debuginfod.ubuntu.com /usr/bin/cmake --build /home/qiyue/ros2_learn/test/build/test_project -- -j32 -l32
[16.649s] DEBUG:colcon.colcon_core.event_handler.log_command:Invoked command in '/home/qiyue/ros2_learn/test/build/test_project' returned '0': AMENT_PREFIX_PATH=/home/qiyue/ros2_learn/test/install/stm32_serial_comm:${AMENT_PREFIX_PATH} CMAKE_PREFIX_PATH=/home/qiyue/ros2_learn/test/install/stm32_serial_comm:/home/qiyue/ros2_learn/subcribleandtransmit/install/subscribe:/home/qiyue/ros2_learn/L0zhelloworld/install/helloworld_cpp:/opt/ros/jazzy/opt/gz_sim_vendor:/opt/ros/jazzy/opt/gz_sensors_vendor:/opt/ros/jazzy/opt/gz_physics_vendor:/opt/ros/jazzy/opt/sdformat_vendor:/opt/ros/jazzy/opt/gz_gui_vendor:/opt/ros/jazzy/opt/gz_transport_vendor:/opt/ros/jazzy/opt/gz_rendering_vendor:/opt/ros/jazzy/opt/gz_plugin_vendor:/opt/ros/jazzy/opt/gz_fuel_tools_vendor:/opt/ros/jazzy/opt/gz_msgs_vendor:/opt/ros/jazzy/opt/gz_common_vendor:/opt/ros/jazzy/opt/gz_math_vendor:/opt/ros/jazzy/opt/gz_utils_vendor:/opt/ros/jazzy/opt/gz_tools_vendor:/opt/ros/jazzy/opt/gz_ogre_next_vendor:/opt/ros/jazzy/opt/gz_dartsim_vendor:/opt/ros/jazzy/opt/gz_cmake_vendor:/opt/ros/jazzy DEBUGINFOD_URLS=https://debuginfod.ubuntu.com /usr/bin/cmake --build /home/qiyue/ros2_learn/test/build/test_project -- -j32 -l32
[16.650s] DEBUG:colcon.colcon_core.event_handler.log_command:Invoking command in '/home/qiyue/ros2_learn/test/build/test_project': AMENT_PREFIX_PATH=/home/qiyue/ros2_learn/test/install/stm32_serial_comm:${AMENT_PREFIX_PATH} CMAKE_PREFIX_PATH=/home/qiyue/ros2_learn/test/install/stm32_serial_comm:/home/qiyue/ros2_learn/subcribleandtransmit/install/subscribe:/home/qiyue/ros2_learn/L0zhelloworld/install/helloworld_cpp:/opt/ros/jazzy/opt/gz_sim_vendor:/opt/ros/jazzy/opt/gz_sensors_vendor:/opt/ros/jazzy/opt/gz_physics_vendor:/opt/ros/jazzy/opt/sdformat_vendor:/opt/ros/jazzy/opt/gz_gui_vendor:/opt/ros/jazzy/opt/gz_transport_vendor:/opt/ros/jazzy/opt/gz_rendering_vendor:/opt/ros/jazzy/opt/gz_plugin_vendor:/opt/ros/jazzy/opt/gz_fuel_tools_vendor:/opt/ros/jazzy/opt/gz_msgs_vendor:/opt/ros/jazzy/opt/gz_common_vendor:/opt/ros/jazzy/opt/gz_math_vendor:/opt/ros/jazzy/opt/gz_utils_vendor:/opt/ros/jazzy/opt/gz_tools_vendor:/opt/ros/jazzy/opt/gz_ogre_next_vendor:/opt/ros/jazzy/opt/gz_dartsim_vendor:/opt/ros/jazzy/opt/gz_cmake_vendor:/opt/ros/jazzy DEBUGINFOD_URLS=https://debuginfod.ubuntu.com /usr/bin/cmake --install /home/qiyue/ros2_learn/test/build/test_project
[16.677s] Level 1:colcon.colcon_core.environment:create_environment_scripts_only(test_project)
[16.678s] Level 1:colcon.colcon_core.environment:checking '/home/qiyue/ros2_learn/test/install/test_project' for CMake module files
[16.678s] DEBUG:colcon.colcon_core.event_handler.log_command:Invoked command in '/home/qiyue/ros2_learn/test/build/test_project' returned '0': AMENT_PREFIX_PATH=/home/qiyue/ros2_learn/test/install/stm32_serial_comm:${AMENT_PREFIX_PATH} CMAKE_PREFIX_PATH=/home/qiyue/ros2_learn/test/install/stm32_serial_comm:/home/qiyue/ros2_learn/subcribleandtransmit/install/subscribe:/home/qiyue/ros2_learn/L0zhelloworld/install/helloworld_cpp:/opt/ros/jazzy/opt/gz_sim_vendor:/opt/ros/jazzy/opt/gz_sensors_vendor:/opt/ros/jazzy/opt/gz_physics_vendor:/opt/ros/jazzy/opt/sdformat_vendor:/opt/ros/jazzy/opt/gz_gui_vendor:/opt/ros/jazzy/opt/gz_transport_vendor:/opt/ros/jazzy/opt/gz_rendering_vendor:/opt/ros/jazzy/opt/gz_plugin_vendor:/opt/ros/jazzy/opt/gz_fuel_tools_vendor:/opt/ros/jazzy/opt/gz_msgs_vendor:/opt/ros/jazzy/opt/gz_common_vendor:/opt/ros/jazzy/opt/gz_math_vendor:/opt/ros/jazzy/opt/gz_utils_vendor:/opt/ros/jazzy/opt/gz_tools_vendor:/opt/ros/jazzy/opt/gz_ogre_next_vendor:/opt/ros/jazzy/opt/gz_dartsim_vendor:/opt/ros/jazzy/opt/gz_cmake_vendor:/opt/ros/jazzy DEBUGINFOD_URLS=https://debuginfod.ubuntu.com /usr/bin/cmake --install /home/qiyue/ros2_learn/test/build/test_project
[16.678s] Level 1:colcon.colcon_core.environment:checking '/home/qiyue/ros2_learn/test/install/test_project' for CMake config files
[16.679s] Level 1:colcon.colcon_core.shell:create_environment_hook('test_project', 'cmake_prefix_path')
[16.679s] INFO:colcon.colcon_core.shell:Creating environment hook '/home/qiyue/ros2_learn/test/install/test_project/share/test_project/hook/cmake_prefix_path.ps1'
[16.679s] INFO:colcon.colcon_core.shell:Creating environment descriptor '/home/qiyue/ros2_learn/test/install/test_project/share/test_project/hook/cmake_prefix_path.dsv'
[16.680s] INFO:colcon.colcon_core.shell:Creating environment hook '/home/qiyue/ros2_learn/test/install/test_project/share/test_project/hook/cmake_prefix_path.sh'
[16.680s] Level 1:colcon.colcon_core.environment:checking '/home/qiyue/ros2_learn/test/install/test_project/lib'
[16.680s] Level 1:colcon.colcon_core.environment:checking '/home/qiyue/ros2_learn/test/install/test_project/bin'
[16.680s] Level 1:colcon.colcon_core.environment:checking '/home/qiyue/ros2_learn/test/install/test_project/lib/pkgconfig/test_project.pc'
[16.680s] Level 1:colcon.colcon_core.environment:checking '/home/qiyue/ros2_learn/test/install/test_project/lib/python3.12/site-packages'
[16.681s] Level 1:colcon.colcon_core.environment:checking '/home/qiyue/ros2_learn/test/install/test_project/bin'
[16.681s] INFO:colcon.colcon_core.shell:Creating package script '/home/qiyue/ros2_learn/test/install/test_project/share/test_project/package.ps1'
[16.681s] INFO:colcon.colcon_core.shell:Creating package descriptor '/home/qiyue/ros2_learn/test/install/test_project/share/test_project/package.dsv'
[16.682s] INFO:colcon.colcon_core.shell:Creating package script '/home/qiyue/ros2_learn/test/install/test_project/share/test_project/package.sh'
[16.682s] INFO:colcon.colcon_core.shell:Creating package script '/home/qiyue/ros2_learn/test/install/test_project/share/test_project/package.bash'
[16.682s] INFO:colcon.colcon_core.shell:Creating package script '/home/qiyue/ros2_learn/test/install/test_project/share/test_project/package.zsh'
[16.682s] Level 1:colcon.colcon_core.environment:create_file_with_runtime_dependencies(/home/qiyue/ros2_learn/test/install/test_project/share/colcon-core/packages/test_project)
[16.683s] Level 1:colcon.colcon_core.environment:create_environment_scripts_only(test_project)
[16.683s] Level 1:colcon.colcon_core.environment:checking '/home/qiyue/ros2_learn/test/install/test_project' for CMake module files
[16.683s] Level 1:colcon.colcon_core.environment:checking '/home/qiyue/ros2_learn/test/install/test_project' for CMake config files
[16.684s] Level 1:colcon.colcon_core.shell:create_environment_hook('test_project', 'cmake_prefix_path')
[16.684s] INFO:colcon.colcon_core.shell:Creating environment hook '/home/qiyue/ros2_learn/test/install/test_project/share/test_project/hook/cmake_prefix_path.ps1'
[16.684s] INFO:colcon.colcon_core.shell:Creating environment descriptor '/home/qiyue/ros2_learn/test/install/test_project/share/test_project/hook/cmake_prefix_path.dsv'
[16.684s] INFO:colcon.colcon_core.shell:Creating environment hook '/home/qiyue/ros2_learn/test/install/test_project/share/test_project/hook/cmake_prefix_path.sh'
[16.685s] Level 1:colcon.colcon_core.environment:checking '/home/qiyue/ros2_learn/test/install/test_project/lib'
[16.685s] Level 1:colcon.colcon_core.environment:checking '/home/qiyue/ros2_learn/test/install/test_project/bin'
[16.685s] Level 1:colcon.colcon_core.environment:checking '/home/qiyue/ros2_learn/test/install/test_project/lib/pkgconfig/test_project.pc'
[16.685s] Level 1:colcon.colcon_core.environment:checking '/home/qiyue/ros2_learn/test/install/test_project/lib/python3.12/site-packages'
[16.685s] Level 1:colcon.colcon_core.environment:checking '/home/qiyue/ros2_learn/test/install/test_project/bin'
[16.685s] INFO:colcon.colcon_core.shell:Creating package script '/home/qiyue/ros2_learn/test/install/test_project/share/test_project/package.ps1'
[16.686s] INFO:colcon.colcon_core.shell:Creating package descriptor '/home/qiyue/ros2_learn/test/install/test_project/share/test_project/package.dsv'
[16.686s] INFO:colcon.colcon_core.shell:Creating package script '/home/qiyue/ros2_learn/test/install/test_project/share/test_project/package.sh'
[16.687s] INFO:colcon.colcon_core.shell:Creating package script '/home/qiyue/ros2_learn/test/install/test_project/share/test_project/package.bash'
[16.687s] INFO:colcon.colcon_core.shell:Creating package script '/home/qiyue/ros2_learn/test/install/test_project/share/test_project/package.zsh'
[16.687s] Level 1:colcon.colcon_core.environment:create_file_with_runtime_dependencies(/home/qiyue/ros2_learn/test/install/test_project/share/colcon-core/packages/test_project)
[16.687s] DEBUG:colcon.colcon_parallel_executor.executor.parallel:closing loop
[16.688s] DEBUG:colcon.colcon_parallel_executor.executor.parallel:loop closed
[16.688s] DEBUG:colcon.colcon_parallel_executor.executor.parallel:run_until_complete finished with '0'
[16.688s] DEBUG:colcon.colcon_core.event_reactor:joining thread
[16.693s] INFO:colcon.colcon_core.plugin_system:Skipping extension 'colcon_notification.desktop_notification.terminal_notifier': Not used on non-Darwin systems
[16.693s] INFO:colcon.colcon_core.plugin_system:Skipping extension 'colcon_notification.desktop_notification.win32': Not used on non-Windows systems
[16.693s] INFO:colcon.colcon_notification.desktop_notification:Sending desktop notification using 'notify2'
[16.705s] DEBUG:colcon.colcon_core.event_reactor:joined thread
[16.705s] INFO:colcon.colcon_core.shell:Creating prefix script '/home/qiyue/ros2_learn/test/install/local_setup.ps1'
[16.705s] INFO:colcon.colcon_core.shell:Creating prefix util module '/home/qiyue/ros2_learn/test/install/_local_setup_util_ps1.py'
[16.706s] INFO:colcon.colcon_core.shell:Creating prefix chain script '/home/qiyue/ros2_learn/test/install/setup.ps1'
[16.707s] INFO:colcon.colcon_core.shell:Creating prefix script '/home/qiyue/ros2_learn/test/install/local_setup.sh'
[16.707s] INFO:colcon.colcon_core.shell:Creating prefix util module '/home/qiyue/ros2_learn/test/install/_local_setup_util_sh.py'
[16.708s] INFO:colcon.colcon_core.shell:Creating prefix chain script '/home/qiyue/ros2_learn/test/install/setup.sh'
[16.709s] INFO:colcon.colcon_core.shell:Creating prefix script '/home/qiyue/ros2_learn/test/install/local_setup.bash'
[16.709s] INFO:colcon.colcon_core.shell:Creating prefix chain script '/home/qiyue/ros2_learn/test/install/setup.bash'
[16.710s] INFO:colcon.colcon_core.shell:Creating prefix script '/home/qiyue/ros2_learn/test/install/local_setup.zsh'
[16.710s] INFO:colcon.colcon_core.shell:Creating prefix chain script '/home/qiyue/ros2_learn/test/install/setup.zsh'
